Component: ARM Compiler 5.05 (build 41) Tool: armlink [4d0eb9]

==============================================================================

Section Cross References

    system_stm32f10x.o(.text) refers to system_stm32f10x.o(.data) for SystemCoreClock
    app.o(.text) refers to stm32f10x_gpio.o(.text) for GPIO_SetBits
    app.o(.text) refers to os_time.o(.text) for OSTimeDly
    app.o(.text) refers to cpu_core.o(.text) for CPU_Init
    app.o(.text) refers to bsp.o(.text) for BSP_CPU_ClkFreq
    app.o(.text) refers to os_cpu_c.o(.text) for OS_CPU_SysTickInit
    app.o(.text) refers to os_task.o(.text) for OSTaskCreate
    app.o(.text) refers to os_core.o(.text) for OSInit
    app.o(.text) refers to os_cfg_app.o(.constdata) for OSCfg_TickRate_Hz
    app.o(.text) refers to app.o(.bss) for AppTask1Stk
    startup_stm32f10x_hd.o(STACK) refers (Special) to heapauxi.o(.text) for __use_two_region_memory
    startup_stm32f10x_hd.o(HEAP) refers (Special) to heapauxi.o(.text) for __use_two_region_memory
    startup_stm32f10x_hd.o(RESET) refers (Special) to heapauxi.o(.text) for __use_two_region_memory
    startup_stm32f10x_hd.o(RESET) refers to startup_stm32f10x_hd.o(STACK) for __initial_sp
    startup_stm32f10x_hd.o(RESET) refers to startup_stm32f10x_hd.o(.text) for Reset_Handler
    startup_stm32f10x_hd.o(RESET) refers to stm32f10x_it.o(.text) for NMI_Handler
    startup_stm32f10x_hd.o(RESET) refers to os_cpu_a.o(CODE) for OS_CPU_PendSVHandler
    startup_stm32f10x_hd.o(RESET) refers to os_cpu_c.o(.text) for OS_CPU_SysTickHandler
    startup_stm32f10x_hd.o(.text) refers (Special) to heapauxi.o(.text) for __use_two_region_memory
    startup_stm32f10x_hd.o(.text) refers to system_stm32f10x.o(.text) for SystemInit
    startup_stm32f10x_hd.o(.text) refers to __main.o(!!!main) for __main
    startup_stm32f10x_hd.o(.text) refers to startup_stm32f10x_hd.o(HEAP) for Heap_Mem
    startup_stm32f10x_hd.o(.text) refers to startup_stm32f10x_hd.o(STACK) for Stack_Mem
    delay.o(.text) refers to misc.o(.text) for SysTick_CLKSourceConfig
    delay.o(.text) refers to system_stm32f10x.o(.data) for SystemCoreClock
    delay.o(.text) refers to delay.o(.data) for fac_us
    stm32f10x_gpio.o(.text) refers to stm32f10x_rcc.o(.text) for RCC_APB2PeriphResetCmd
    stm32f10x_rcc.o(.text) refers to stm32f10x_rcc.o(.data) for APBAHBPrescTable
    cpu_core.o(.text) refers to bsp.o(.text) for CPU_TS_TmrRd
    cpu_core.o(.text) refers to cpu_a.o(.text) for CPU_SR_Save
    cpu_core.o(.text) refers to lib_mem.o(.text) for Mem_Clr
    cpu_core.o(.text) refers to lib_str.o(.text) for Str_Copy_N
    cpu_core.o(.text) refers to cpu_core.o(.data) for CPU_IntDisNestCtr
    cpu_core.o(.text) refers to cpu_core.o(.bss) for CPU_Name
    cpu_core.o(.text) refers to cpu_core.o(.constdata) for CPU_CntLeadZerosTbl
    os_cpu_a.o(CODE) refers (Special) to os_core.o(.text) for OSIntExit
    os_cpu_a.o(CODE) refers (Special) to os_var.o(.data) for OSRunning
    os_cpu_a.o(CODE) refers to os_cpu_c.o(.data) for OS_CPU_ExceptStkBase
    os_cpu_a.o(CODE) refers to os_cpu_c.o(.text) for OSTaskSwHook
    os_cpu_c.o(.text) refers to bsp.o(.text) for CPU_TS_TmrRd
    os_cpu_c.o(.text) refers to cpu_core.o(.text) for CPU_IntDisMeasMaxCurReset
    os_cpu_c.o(.text) refers to cpu_a.o(.text) for CPU_SR_Save
    os_cpu_c.o(.text) refers to os_time.o(.text) for OSTimeTick
    os_cpu_c.o(.text) refers to os_core.o(.text) for OSIntExit
    os_cpu_c.o(.text) refers to os_var.o(.data) for OS_AppIdleTaskHookPtr
    os_cpu_c.o(.text) refers to os_cfg_app.o(.constdata) for OSCfg_ISRStkBasePtr
    os_cpu_c.o(.text) refers to os_cpu_c.o(.data) for OS_CPU_ExceptStkBase
    os_cpu_c.o(.text) refers to os_task.o(.text) for OS_TaskReturn
    cpu_c.o(.text) refers to cpu_a.o(.text) for CPU_SR_Save
    cpu_c.o(.text) refers to cpu_core.o(.text) for CPU_IntDisMeasStart
    os_cfg_app.o(.constdata) refers to os_cfg_app.o(.bss) for OSCfg_IdleTaskStk
    os_core.o(.text) refers to cpu_a.o(.text) for CPU_SR_Save
    os_core.o(.text) refers to cpu_core.o(.text) for CPU_IntDisMeasStart
    os_core.o(.text) refers to os_cpu_c.o(.text) for OSIdleTaskHook
    os_core.o(.text) refers to os_task.o(.text) for OSTaskCreate
    os_core.o(.text) refers to os_prio.o(.text) for OS_PrioInit
    os_core.o(.text) refers to os_flag.o(.text) for OS_FlagInit
    os_core.o(.text) refers to os_mem.o(.text) for OS_MemInit
    os_core.o(.text) refers to os_msg.o(.text) for OS_MsgPoolInit
    os_core.o(.text) refers to os_mutex.o(.text) for OS_MutexInit
    os_core.o(.text) refers to os_q.o(.text) for OS_QInit
    os_core.o(.text) refers to os_sem.o(.text) for OS_SemInit
    os_core.o(.text) refers to os_int.o(.text) for OS_IntQTaskInit
    os_core.o(.text) refers to os_tick.o(.text) for OS_TickTaskInit
    os_core.o(.text) refers to os_stat.o(.text) for OS_StatTaskInit
    os_core.o(.text) refers to os_tmr.o(.text) for OS_TmrInit
    os_core.o(.text) refers to os_dbg.o(.text) for OS_Dbg_Init
[...]
    .ARM.Collect$$libinit$$00000023          0x080001a6   Section        0  libinit2.o(.ARM.Collect$$libinit$$00000023)
    .ARM.Collect$$libinit$$00000025          0x080001a6   Section        0  libinit2.o(.ARM.Collect$$libinit$$00000025)
    .ARM.Collect$$libinit$$0000002C          0x080001a6   Section        0  libinit2.o(.ARM.Collect$$libinit$$0000002C)
    .ARM.Collect$$libinit$$0000002E          0x080001a6   Section        0  libinit2.o(.ARM.Collect$$libinit$$0000002E)
    .ARM.Collect$$libinit$$00000030          0x080001a6   Section        0  libinit2.o(.ARM.Collect$$libinit$$00000030)
    .ARM.Collect$$libinit$$00000032          0x080001a6   Section        0  libinit2.o(.ARM.Collect$$libinit$$00000032)
    .ARM.Collect$$libinit$$00000033          0x080001a6   Section        2  libinit2.o(.ARM.Collect$$libinit$$00000033)
    .ARM.Collect$$libshutdown$$00000000      0x080001a8   Section        2  libshutdown.o(.ARM.Collect$$libshutdown$$00000000)
    .ARM.Collect$$libshutdown$$00000003      0x080001aa   Section        0  libshutdown2.o(.ARM.Collect$$libshutdown$$00000003)
    .ARM.Collect$$libshutdown$$00000006      0x080001aa   Section        0  libshutdown2.o(.ARM.Collect$$libshutdown$$00000006)
    .ARM.Collect$$libshutdown$$00000009      0x080001aa   Section        0  libshutdown2.o(.ARM.Collect$$libshutdown$$00000009)
    .ARM.Collect$$libshutdown$$0000000B      0x080001aa   Section        0  libshutdown2.o(.ARM.Collect$$libshutdown$$0000000B)
    .ARM.Collect$$libshutdown$$0000000E      0x080001aa   Section        0  libshutdown2.o(.ARM.Collect$$libshutdown$$0000000E)
    .ARM.Collect$$libshutdown$$0000000F      0x080001aa   Section        2  libshutdown2.o(.ARM.Collect$$libshutdown$$0000000F)
    .ARM.Collect$$rtentry$$00000000          0x080001ac   Section        0  __rtentry.o(.ARM.Collect$$rtentry$$00000000)
    .ARM.Collect$$rtentry$$00000002          0x080001ac   Section        0  __rtentry2.o(.ARM.Collect$$rtentry$$00000002)
    .ARM.Collect$$rtentry$$00000004          0x080001ac   Section        6  __rtentry4.o(.ARM.Collect$$rtentry$$00000004)
    .ARM.Collect$$rtentry$$00000009          0x080001b2   Section        0  __rtentry2.o(.ARM.Collect$$rtentry$$00000009)
    .ARM.Collect$$rtentry$$0000000A          0x080001b2   Section        4  __rtentry2.o(.ARM.Collect$$rtentry$$0000000A)
    .ARM.Collect$$rtentry$$0000000C          0x080001b6   Section        0  __rtentry2.o(.ARM.Collect$$rtentry$$0000000C)
    .ARM.Collect$$rtentry$$0000000D          0x080001b6   Section        8  __rtentry2.o(.ARM.Collect$$rtentry$$0000000D)
    .ARM.Collect$$rtexit$$00000000           0x080001be   Section        2  rtexit.o(.ARM.Collect$$rtexit$$00000000)
    .ARM.Collect$$rtexit$$00000002           0x080001c0   Section        0  rtexit2.o(.ARM.Collect$$rtexit$$00000002)
    .ARM.Collect$$rtexit$$00000003           0x080001c0   Section        4  rtexit2.o(.ARM.Collect$$rtexit$$00000003)
    .ARM.Collect$$rtexit$$00000004           0x080001c4   Section        6  rtexit2.o(.ARM.Collect$$rtexit$$00000004)
    .text                                    0x080001ca   Section        0  stm32f10x_it.o(.text)
    .text                                    0x080001e4   Section        0  system_stm32f10x.o(.text)
    SetSysClockTo72                          0x080001e5   Thumb Code   214  system_stm32f10x.o(.text)
    SetSysClock                              0x080002bb   Thumb Code     8  system_stm32f10x.o(.text)
    .text                                    0x080003c4   Section        0  app.o(.text)
    AppTask2                                 0x080003c5   Thumb Code    48  app.o(.text)
    AppTask1                                 0x080003f5   Thumb Code    48  app.o(.text)
    AppTaskStart                             0x08000425   Thumb Code   132  app.o(.text)
    AppTask3                                 0x080004ed   Thumb Code     2  app.o(.text)
    .text                                    0x08000548   Section       64  startup_stm32f10x_hd.o(.text)
    .text                                    0x08000588   Section        0  stm32f10x_gpio.o(.text)
    .text                                    0x080008e4   Section        0  stm32f10x_rcc.o(.text)
    .text                                    0x08000c88   Section        0  cpu_core.o(.text)
    CPU_NameInit                             0x08000d1f   Thumb Code     8  cpu_core.o(.text)
    CPU_IntDisMeasInit                       0x08000d27   Thumb Code   104  cpu_core.o(.text)
    CPU_TS_Init                              0x08000d8f   Thumb Code    14  cpu_core.o(.text)
    CPU_IntDisMeasMaxCalc                    0x08000e99   Thumb Code    24  cpu_core.o(.text)
    .text                                    0x080010c8   Section        0  os_cpu_c.o(.text)
    .text                                    0x08001354   Section       52  cpu_a.o(.text)
    .text                                    0x08001388   Section        0  os_cfg_app.o(.text)
    .text                                    0x0800138c   Section        0  os_core.o(.text)
    .text                                    0x080021dc   Section        0  os_dbg.o(.text)
    .text                                    0x08002390   Section        0  os_flag.o(.text)
    .text                                    0x0800339c   Section        0  os_int.o(.text)
    .text                                    0x080037fc   Section        0  os_mem.o(.text)
    .text                                    0x08003a74   Section        0  os_msg.o(.text)
    .text                                    0x08003c9c   Section        0  os_mutex.o(.text)
    .text                                    0x080048dc   Section        0  os_prio.o(.text)
    .text                                    0x08004958   Section        0  os_q.o(.text)
    .text                                    0x08005358   Section        0  os_sem.o(.text)
    .text                                    0x08005c8c   Section        0  os_stat.o(.text)
    .text                                    0x08006368   Section        0  os_task.o(.text)
    .text                                    0x080082f0   Section        0  os_tick.o(.text)
    .text                                    0x08008814   Section        0  os_time.o(.text)
    .text                                    0x08008e60   Section        0  os_tmr.o(.text)
    .text                                    0x080096c4   Section        0  lib_ascii.o(.text)
    .text                                    0x0800991c   Section        0  lib_mem.o(.text)
    Mem_SegAlloc                             0x08009b53   Thumb Code    80  lib_mem.o(.text)
    Mem_SegCalcTotSize                       0x08009ba3   Thumb Code   164  lib_mem.o(.text)
    Mem_PoolBlkIsValidAddr                   0x0800a57b   Thumb Code   102  lib_mem.o(.text)
    .text                                    0x0800a8a8   Section        0  lib_str.o(.text)
    Str_FmtNbr_Int32                         0x0800ad61   Thumb Code   474  lib_str.o(.text)
    Str_ParseNbr_Int32                       0x0800afa7   Thumb Code   446  lib_str.o(.text)
    .text                                    0x0800b1d0   Section      544  lib_mem_a.o(.text)
    .text                                    0x0800b3f0   Section        0  bsp.o(.text)
    .text                                    0x0800b470   Section        0  heapauxi.o(.text)
    .text                                    0x0800b476   Section       74  sys_stackheap_outer.o(.text)
    .text                                    0x0800b4c0   Section        0  exit.o(.text)
    .text                                    0x0800b4cc   Section        8  libspace.o(.text)
    .text                                    0x0800b4d4   Section        0  sys_exit.o(.text)
    .text                                    0x0800b4e0   Section        2  use_no_semi.o(.text)
    .text                                    0x0800b4e2   Section        0  indicate_semi.o(.text)
    CODE                                     0x0800b4e4   Section      132  os_cpu_a.o(CODE)
    .constdata                               0x0800b568   Section      256  cpu_core.o(.constdata)
    CPU_CntLeadZerosTbl                      0x0800b568   Data         256  cpu_core.o(.constdata)
    .constdata                               0x0800b668   Section      164  os_cfg_app.o(.constdata)
    .constdata                               0x0800b70c   Section      364  os_dbg.o(.constdata)
    .constdata                               0x0800b878   Section      148  lib_str.o(.constdata)
    Str_MultOvfThTbl_Int32U                  0x0800b878   Data         148  lib_str.o(.constdata)
    .data                                    0x20000000   Section       20  system_stm32f10x.o(.data)
    .data                                    0x20000014   Section       20  stm32f10x_rcc.o(.data)
    APBAHBPrescTable                         0x20000014   Data          16  stm32f10x_rcc.o(.data)
    ADCPrescTable                            0x20000024   Data           4  stm32f10x_rcc.o(.data)
    .data                                    0x20000028   Section       28  cpu_core.o(.data)
    .data                                    0x20000044   Section        4  os_cpu_c.o(.data)
    .data                                    0x20000048   Section        4  os_prio.o(.data)
    .data                                    0x2000004c   Section      208  os_var.o(.data)
    .data                                    0x2000011c   Section        4  lib_mem.o(.data)
    .bss                                     0x20000120   Section     2848  app.o(.bss)
    AppTaskStartTCB                          0x20000120   Data         200  app.o(.bss)
    AppTask1TCB                              0x200001e8   Data         200  app.o(.bss)
    AppTask2TCB                              0x200002b0   Data         200  app.o(.bss)
    AppTask3TCB                              0x20000378   Data         200  app.o(.bss)
    AppTaskStartStk                          0x20000440   Data         512  app.o(.bss)
    AppTask1Stk                              0x20000640   Data         512  app.o(.bss)
    AppTask2Stk                              0x20000840   Data         512  app.o(.bss)
    AppTask3Stk                              0x20000a40   Data         512  app.o(.bss)
    .bss                                     0x20000c40   Section       16  cpu_core.o(.bss)
    .bss                                     0x20000c50   Section     5264  os_cfg_app.o(.bss)
    .bss                                     0x200020e0   Section     1396  os_var.o(.bss)
    .bss                                     0x20002654   Section    27720  lib_mem.o(.bss)
    .bss                                     0x2000929c   Section       96  libspace.o(.bss)
    HEAP                                     0x20009300   Section      512  startup_stm32f10x_hd.o(HEAP)
    Heap_Mem                                 0x20009300   Data         512  startup_stm32f10x_hd.o(HEAP)
    STACK                                    0x20009500   Section     1024  startup_stm32f10x_hd.o(STACK)
    Stack_Mem                                0x20009500   Data        1024  startup_stm32f10x_hd.o(STACK)
    __initial_sp                             0x20009900   Data           0  startup_stm32f10x_hd.o(STACK)

    Global Symbols

    Symbol Name                              Value     Ov Type        Size  Object(Section)

    BuildAttributes$$THM_ISAv4$P$D$K$B$S$PE$A:L22UL41UL21$X:L11$S22US41US21$IEEE1$IW$USESV6$~STKCKD$USESV7$~SHL$OSPACE$ROPI$EBA8$UX$STANDARDLIB$REQ8$PRES8$EABIv2 0x00000000   Number         0  anon$$obj.o ABSOLUTE
    __ARM_use_no_argv                        0x00000000   Number         0  app.o ABSOLUTE
    __ARM_exceptions_init                     - Undefined Weak Reference
    __alloca_initialize                       - Undefined Weak Reference
    __arm_preinit_                            - Undefined Weak Reference
    __cpp_initialize__aeabi_                  - Undefined Weak Reference
    __cxa_finalize                            - Undefined Weak Reference
    __rt_locale                               - Undefined Weak Reference
    __sigvec_lookup                           - Undefined Weak Reference
    _atexit_init                              - Undefined Weak Reference
    _call_atexit_fns                          - Undefined Weak Reference
    _clock_init                               - Undefined Weak Reference
    _fp_trap_init                             - Undefined Weak Reference
    _fp_trap_shutdown                         - Undefined Weak Reference
    _get_lc_collate                           - Undefined Weak Reference
    _get_lc_ctype                             - Undefined Weak Reference
    _get_lc_monetary                          - Undefined Weak Reference
    _get_lc_numeric                           - Undefined Weak Reference
    _get_lc_time                              - Undefined Weak Reference
    _getenv_init                              - Undefined Weak Reference
    _handle_redirection                       - Undefined Weak Reference
    _init_alloc                               - Undefined Weak Reference
    _init_user_alloc                          - Undefined Weak Reference
    _initio                                   - Undefined Weak Reference
    _rand_init                                - Undefined Weak Reference
    _signal_finish                            - Undefined Weak Reference
    _signal_init                              - Undefined Weak Reference
    _terminate_alloc                          - Undefined Weak Reference
    _terminate_user_alloc                     - Undefined Weak Reference
    _terminateio                              - Undefined Weak Reference
    __Vectors_Size                           0x00000130   Number         0  startup_stm32f10x_hd.o ABSOLUTE
    __Vectors                                0x08000000   Data           4  startup_stm32f10x_hd.o(RESET)
    __Vectors_End                            0x08000130   Data           0  startup_stm32f10x_hd.o(RESET)
    __main                                   0x08000131   Thumb Code     8  __main.o(!!!main)
    __scatterload                            0x08000139   Thumb Code     0  __scatter.o(!!!scatter)
    __scatterload_rt2                        0x08000139   Thumb Code    44  __scatter.o(!!!scatter)
    __scatterload_rt2_thumb_only             0x08000139   Thumb Code     0  __scatter.o(!!!scatter)
    __scatterload_null                       0x08000147   Thumb Code     0  __scatter.o(!!!scatter)
    __scatterload_copy                       0x0800016d   Thumb Code    26  __scatter_copy.o(!!handler_copy)
    __scatterload_zeroinit                   0x08000189   Thumb Code    28  __scatter_zi.o(!!handler_zi)
    __rt_lib_init                            0x080001a5   Thumb Code     0  libinit.o(.ARM.Collect$$libinit$$00000000)
    __rt_lib_init_alloca_1                   0x080001a7   Thumb Code     0  libinit2.o(.ARM.Collect$$libinit$$0000002E)
    __rt_lib_init_argv_1                     0x080001a7   Thumb Code     0  libinit2.o(.ARM.Collect$$libinit$$0000002C)
    __rt_lib_init_atexit_1                   0x080001a7   Thumb Code     0  libinit2.o(.ARM.Collect$$libinit$$0000001B)
    __rt_lib_init_clock_1                    0x080001a7   Thumb Code     0  libinit2.o(.ARM.Collect$$libinit$$00000021)
    __rt_lib_init_cpp_1                      0x080001a7   Thumb Code     0  libinit2.o(.ARM.Collect$$libinit$$00000032)
    __rt_lib_init_exceptions_1               0x080001a7   Thumb Code     0  libinit2.o(.ARM.Collect$$libinit$$00000030)
    __rt_lib_init_fp_1                       0x080001a7   Thumb Code     0  libinit2.o(.ARM.Collect$$libinit$$00000002)
    __rt_lib_init_fp_trap_1                  0x080001a7   Thumb Code     0  libinit2.o(.ARM.Collect$$libinit$$0000001F)
    __rt_lib_init_getenv_1                   0x080001a7   Thumb Code     0  libinit2.o(.ARM.Collect$$libinit$$00000023)
    __rt_lib_init_heap_1                     0x080001a7   Thumb Code     0  libinit2.o(.ARM.Collect$$libinit$$0000000A)
    __rt_lib_init_lc_collate_1               0x080001a7   Thumb Code     0  libinit2.o(.ARM.Collect$$libinit$$00000011)
    __rt_lib_init_lc_ctype_1                 0x080001a7   Thumb Code     0  libinit2.o(.ARM.Collect$$libinit$$00000013)
    __rt_lib_init_lc_monetary_1              0x080001a7   Thumb Code     0  libinit2.o(.ARM.Collect$$libinit$$00000015)
    __rt_lib_init_lc_numeric_1               0x080001a7   Thumb Code     0  libinit2.o(.ARM.Collect$$libinit$$00000017)
    __rt_lib_init_lc_time_1                  0x080001a7   Thumb Code     0  libinit2.o(.ARM.Collect$$libinit$$00000019)
    __rt_lib_init_preinit_1                  0x080001a7   Thumb Code     0  libinit2.o(.ARM.Collect$$libinit$$00000004)
    __rt_lib_init_rand_1                     0x080001a7   Thumb Code     0  libinit2.o(.ARM.Collect$$libinit$$0000000E)
    __rt_lib_init_return                     0x080001a7   Thumb Code     0  libinit2.o(.ARM.Collect$$libinit$$00000033)
    __rt_lib_init_signal_1                   0x080001a7   Thumb Code     0  libinit2.o(.ARM.Collect$$libinit$$0000001D)
    __rt_lib_init_stdio_1                    0x080001a7   Thumb Code     0  libinit2.o(.ARM.Collect$$libinit$$00000025)
    __rt_lib_init_user_alloc_1               0x080001a7   Thumb Code     0  libinit2.o(.ARM.Collect$$libinit$$0000000C)
    __rt_lib_shutdown                        0x080001a9   Thumb Code     0  libshutdown.o(.ARM.Collect$$libshutdown$$00000000)
    __rt_lib_shutdown_fp_trap_1              0x080001ab   Thumb Code     0  libshutdown2.o(.ARM.Collect$$libshutdown$$00000006)
    __rt_lib_shutdown_heap_1                 0x080001ab   Thumb Code     0  libshutdown2.o(.ARM.Collect$$libshutdown$$0000000E)
    __rt_lib_shutdown_return                 0x080001ab   Thumb Code     0  libshutdown2.o(.ARM.Collect$$libshutdown$$0000000F)
    __rt_lib_shutdown_signal_1               0x080001ab   Thumb Code     0  libshutdown2.o(.ARM.Collect$$libshutdown$$00000009)
    __rt_lib_shutdown_stdio_1                0x080001ab   Thumb Code     0  libshutdown2.o(.ARM.Collect$$libshutdown$$00000003)
    __rt_lib_shutdown_user_alloc_1           0x080001ab   Thumb Code     0  libshutdown2.o(.ARM.Collect$$libshutdown$$0000000B)
    __rt_entry                               0x080001ad   Thumb Code     0  __rtentry.o(.ARM.Collect$$rtentry$$00000000)
    __rt_entry_presh_1                       0x080001ad   Thumb Code     0  __rtentry2.o(.ARM.Collect$$rtentry$$00000002)
    __rt_entry_sh                            0x080001ad   Thumb Code     0  __rtentry4.o(.ARM.Collect$$rtentry$$00000004)
    __rt_entry_li                            0x080001b3   Thumb Code     0  __rtentry2.o(.ARM.Collect$$rtentry$$0000000A)
    __rt_entry_postsh_1                      0x080001b3   Thumb Code     0  __rtentry2.o(.ARM.Collect$$rtentry$$00000009)
    __rt_entry_main                          0x080001b7   Thumb Code     0  __rtentry2.o(.ARM.Collect$$rtentry$$0000000D)
    __rt_entry_postli_1                      0x080001b7   Thumb Code     0  __rtentry2.o(.ARM.Collect$$rtentry$$0000000C)
    __rt_exit                                0x080001bf   Thumb Code     0  rtexit.o(.ARM.Collect$$rtexit$$00000000)
    __rt_exit_ls                             0x080001c1   Thumb Code     0  rtexit2.o(.ARM.Collect$$rtexit$$00000003)
    __rt_exit_prels_1                        0x080001c1   Thumb Code     0  rtexit2.o(.ARM.Collect$$rtexit$$00000002)
    __rt_exit_exit                           0x080001c5   Thumb Code     0  rtexit2.o(.ARM.Collect$$rtexit$$00000004)
    NMI_Handler                              0x080001cb   Thumb Code     2  stm32f10x_it.o(.text)
    HardFault_Handler                        0x080001cd   Thumb Code     4  stm32f10x_it.o(.text)
    MemManage_Handler                        0x080001d1   Thumb Code     4  stm32f10x_it.o(.text)
    BusFault_Handler                         0x080001d5   Thumb Code     4  stm32f10x_it.o(.text)
    UsageFault_Handler                       0x080001d9   Thumb Code     4  stm32f10x_it.o(.text)
    SVC_Handler                              0x080001dd   Thumb Code     2  stm32f10x_it.o(.text)
    DebugMon_Handler                         0x080001df   Thumb Code     2  stm32f10x_it.o(.text)
    PendSV_Handler                           0x080001e1   Thumb Code     2  stm32f10x_it.o(.text)
    SysTick_Handler                          0x080001e3   Thumb Code     2  stm32f10x_it.o(.text)
    SystemInit                               0x080002c3   Thumb Code    78  system_stm32f10x.o(.text)
    SystemCoreClockUpdate                    0x08000311   Thumb Code   142  system_stm32f10x.o(.text)
    main                                     0x080004a9   Thumb Code    68  app.o(.text)
    Reset_Handler                            0x08000549   Thumb Code     8  startup_stm32f10x_hd.o(.text)
    ADC1_2_IRQHandler                        0x08000563   Thumb Code     0  startup_stm32f10x_hd.o(.text)
    ADC3_IRQHandler                          0x08000563   Thumb Code     0  startup_stm32f10x_hd.o(.text)
    CAN1_RX1_IRQHandler                      0x08000563   Thumb Code     0  startup_stm32f10x_hd.o(.text)
    CAN1_SCE_IRQHandler                      0x08000563   Thumb Code     0  startup_stm32f10x_hd.o(.text)
    DMA1_Channel1_IRQHandler                 0x08000563   Thumb Code     0  startup_stm32f10x_hd.o(.text)
    DMA1_Channel2_IRQHandler                 0x08000563   Thumb Code     0  startup_stm32f10x_hd.o(.text)
    DMA1_Channel3_IRQHandler                 0x08000563   Thumb Code     0  startup_stm32f10x_hd.o(.text)
    DMA1_Channel4_IRQHandler                 0x08000563   Thumb Code     0  startup_stm32f10x_hd.o(.text)
    DMA1_Channel5_IRQHandler                 0x08000563   Thumb Code     0  startup_stm32f10x_hd.o(.text)
    DMA1_Channel6_IRQHandler                 0x08000563   Thumb Code     0  startup_stm32f10x_hd.o(.text)
    DMA1_Channel7_IRQHandler                 0x08000563   Thumb Code     0  startup_stm32f10x_hd.o(.text)
    DMA2_Channel1_IRQHandler                 0x08000563   Thumb Code     0  startup_stm32f10x_hd.o(.text)
    DMA2_Channel2_IRQHandler                 0x08000563   Thumb Code     0  startup_stm32f10x_hd.o(.text)
    DMA2_Channel3_IRQHandler                 0x08000563   Thumb Code     0  startup_stm32f10x_hd.o(.text)
    DMA2_Channel4_5_IRQHandler               0x08000563   Thumb Code     0  startup_stm32f10x_hd.o(.text)
    EXTI0_IRQHandler                         0x08000563   Thumb Code     0  startup_stm32f10x_hd.o(.text)
    EXTI15_10_IRQHandler                     0x08000563   Thumb Code     0  startup_stm32f10x_hd.o(.text)
    EXTI1_IRQHandler                         0x08000563   Thumb Code     0  startup_stm32f10x_hd.o(.text)
    EXTI2_IRQHandler                         0x08000563   Thumb Code     0  startup_stm32f10x_hd.o(.text)
    EXTI3_IRQHandler                         0x08000563   Thumb Code     0  startup_stm32f10x_hd.o(.text)
    EXTI4_IRQHandler                         0x08000563   Thumb Code     0  startup_stm32f10x_hd.o(.text)
    EXTI9_5_IRQHandler                       0x08000563   Thumb Code     0  startup_stm32f10x_hd.o(.text)
    FLASH_IRQHandler                         0x08000563   Thumb Code     0  startup_stm32f10x_hd.o(.text)
    FSMC_IRQHandler                          0x08000563   Thumb Code     0  startup_stm32f10x_hd.o(.text)
    I2C1_ER_IRQHandler                       0x08000563   Thumb Code     0  startup_stm32f10x_hd.o(.text)
    I2C1_EV_IRQHandler                       0x08000563   Thumb Code     0  startup_stm32f10x_hd.o(.text)
    I2C2_ER_IRQHandler                       0x08000563   Thumb Code     0  startup_stm32f10x_hd.o(.text)
    I2C2_EV_IRQHandler                       0x08000563   Thumb Code     0  startup_stm32f10x_hd.o(.text)
    PVD_IRQHandler                           0x08000563   Thumb Code     0  startup_stm32f10x_hd.o(.text)
    RCC_IRQHandler                           0x08000563   Thumb Code     0  startup_stm32f10x_hd.o(.text)
    RTCAlarm_IRQHandler                      0x08000563   Thumb Code     0  startup_stm32f10x_hd.o(.text)
    RTC_IRQHandler                           0x08000563   Thumb Code     0  startup_stm32f10x_hd.o(.text)
    SDIO_IRQHandler                          0x08000563   Thumb Code     0  startup_stm32f10x_hd.o(.text)
    SPI1_IRQHandler                          0x08000563   Thumb Code     0  startup_stm32f10x_hd.o(.text)
    SPI2_IRQHandler                          0x08000563   Thumb Code     0  startup_stm32f10x_hd.o(.text)
    SPI3_IRQHandler                          0x08000563   Thumb Code     0  startup_stm32f10x_hd.o(.text)
    TAMPER_IRQHandler                        0x08000563   Thumb Code     0  startup_stm32f10x_hd.o(.text)
    TIM1_BRK_IRQHandler                      0x08000563   Thumb Code     0  startup_stm32f10x_hd.o(.text)
    TIM1_CC_IRQHandler                       0x08000563   Thumb Code     0  startup_stm32f10x_hd.o(.text)
    TIM1_TRG_COM_IRQHandler                  0x08000563   Thumb Code     0  startup_stm32f10x_hd.o(.text)
    TIM1_UP_IRQHandler                       0x08000563   Thumb Code     0  startup_stm32f10x_hd.o(.text)
    TIM2_IRQHandler                          0x08000563   Thumb Code     0  startup_stm32f10x_hd.o(.text)
    TIM3_IRQHandler                          0x08000563   Thumb Code     0  startup_stm32f10x_hd.o(.text)
    TIM4_IRQHandler                          0x08000563   Thumb Code     0  startup_stm32f10x_hd.o(.text)
    TIM5_IRQHandler                          0x08000563   Thumb Code     0  startup_stm32f10x_hd.o(.text)
    TIM6_IRQHandler                          0x08000563   Thumb Code     0  startup_stm32f10x_hd.o(.text)
    TIM7_IRQHandler                          0x08000563   Thumb Code     0  startup_stm32f10x_hd.o(.text)
    TIM8_BRK_IRQHandler                      0x08000563   Thumb Code     0  startup_stm32f10x_hd.o(.text)
    TIM8_CC_IRQHandler                       0x08000563   Thumb Code     0  startup_stm32f10x_hd.o(.text)
    TIM8_TRG_COM_IRQHandler                  0x08000563   Thumb Code     0  startup_stm32f10x_hd.o(.text)
    TIM8_UP_IRQHandler                       0x08000563   Thumb Code     0  startup_stm32f10x_hd.o(.text)
    UART4_IRQHandler                         0x08000563   Thumb Code     0  startup_stm32f10x_hd.o(.text)
    UART5_IRQHandler                         0x08000563   Thumb Code     0  startup_stm32f10x_hd.o(.text)
    USART1_IRQHandler                        0x08000563   Thumb Code     0  startup_stm32f10x_hd.o(.text)
    USART2_IRQHandler                        0x08000563   Thumb Code     0  startup_stm32f10x_hd.o(.text)
    USART3_IRQHandler                        0x08000563   Thumb Code     0  startup_stm32f10x_hd.o(.text)
    USBWakeUp_IRQHandler                     0x08000563   Thumb Code     0  startup_stm32f10x_hd.o(.text)
    USB_HP_CAN1_TX_IRQHandler                0x08000563   Thumb Code     0  startup_stm32f10x_hd.o(.text)
    USB_LP_CAN1_RX0_IRQHandler               0x08000563   Thumb Code     0  startup_stm32f10x_hd.o(.text)
    WWDG_IRQHandler                          0x08000563   Thumb Code     0  startup_stm32f10x_hd.o(.text)
    __user_initial_stackheap                 0x08000565   Thumb Code     0  startup_stm32f10x_hd.o(.text)
    GPIO_DeInit                              0x08000589   Thumb Code   172  stm32f10x_gpio.o(.text)
    GPIO_AFIODeInit                          0x08000635   Thumb Code    20  stm32f10x_gpio.o(.text)
    GPIO_Init                                0x08000649   Thumb Code   278  stm32f10x_gpio.o(.text)
    GPIO_StructInit                          0x0800075f   Thumb Code    16  stm32f10x_gpio.o(.text)
    GPIO_ReadInputDataBit                    0x0800076f   Thumb Code    18  stm32f10x_gpio.o(.text)
    GPIO_ReadInputData                       0x08000781   Thumb Code     8  stm32f10x_gpio.o(.text)
    GPIO_ReadOutputDataBit                   0x08000789   Thumb Code    18  stm32f10x_gpio.o(.text)
    GPIO_ReadOutputData                      0x0800079b   Thumb Code     8  stm32f10x_gpio.o(.text)
    GPIO_SetBits                             0x080007a3   Thumb Code     4  stm32f10x_gpio.o(.text)
    GPIO_ResetBits                           0x080007a7   Thumb Code     4  stm32f10x_gpio.o(.text)
    GPIO_WriteBit                            0x080007ab   Thumb Code    10  stm32f10x_gpio.o(.text)
    GPIO_Write                               0x080007b5   Thumb Code     4  stm32f10x_gpio.o(.text)
    GPIO_PinLockConfig                       0x080007b9   Thumb Code    18  stm32f10x_gpio.o(.text)
    GPIO_EventOutputConfig                   0x080007cb   Thumb Code    26  stm32f10x_gpio.o(.text)
    GPIO_EventOutputCmd                      0x080007e5   Thumb Code     6  stm32f10x_gpio.o(.text)
    GPIO_PinRemapConfig                      0x080007eb   Thumb Code   138  stm32f10x_gpio.o(.text)
    GPIO_EXTILineConfig                      0x08000875   Thumb Code    66  stm32f10x_gpio.o(.text)
    GPIO_ETH_MediaInterfaceConfig            0x080008b7   Thumb Code     8  stm32f10x_gpio.o(.text)
    RCC_DeInit                               0x080008e5   Thumb Code    64  stm32f10x_rcc.o(.text)
    RCC_HSEConfig                            0x08000925   Thumb Code    70  stm32f10x_rcc.o(.text)
    RCC_GetFlagStatus                        0x0800096b   Thumb Code    56  stm32f10x_rcc.o(.text)
    RCC_WaitForHSEStartUp                    0x080009a3   Thumb Code    56  stm32f10x_rcc.o(.text)
    RCC_AdjustHSICalibrationValue            0x080009db   Thumb Code    20  stm32f10x_rcc.o(.text)
    RCC_HSICmd                               0x080009ef   Thumb Code     6  stm32f10x_rcc.o(.text)
    RCC_PLLConfig                            0x080009f5   Thumb Code    24  stm32f10x_rcc.o(.text)
    RCC_PLLCmd                               0x08000a0d   Thumb Code     6  stm32f10x_rcc.o(.text)
    RCC_SYSCLKConfig                         0x08000a13   Thumb Code    18  stm32f10x_rcc.o(.text)
    RCC_GetSYSCLKSource                      0x08000a25   Thumb Code    10  stm32f10x_rcc.o(.text)
    RCC_HCLKConfig                           0x08000a2f   Thumb Code    18  stm32f10x_rcc.o(.text)
    RCC_PCLK1Config                          0x08000a41   Thumb Code    18  stm32f10x_rcc.o(.text)
    RCC_PCLK2Config                          0x08000a53   Thumb Code    20  stm32f10x_rcc.o(.text)
    RCC_ITConfig                             0x08000a67   Thumb Code    26  stm32f10x_rcc.o(.text)
    RCC_USBCLKConfig                         0x08000a81   Thumb Code     8  stm32f10x_rcc.o(.text)
    RCC_ADCCLKConfig                         0x08000a89   Thumb Code    18  stm32f10x_rcc.o(.text)
    RCC_LSEConfig                            0x08000a9b   Thumb Code    50  stm32f10x_rcc.o(.text)
    RCC_LSICmd                               0x08000acd   Thumb Code     6  stm32f10x_rcc.o(.text)
    RCC_RTCCLKConfig                         0x08000ad3   Thumb Code    12  stm32f10x_rcc.o(.text)
    RCC_RTCCLKCmd                            0x08000adf   Thumb Code     8  stm32f10x_rcc.o(.text)
    RCC_GetClocksFreq                        0x08000ae7   Thumb Code   192  stm32f10x_rcc.o(.text)
    RCC_AHBPeriphClockCmd                    0x08000ba7   Thumb Code    26  stm32f10x_rcc.o(.text)
    RCC_APB2PeriphClockCmd                   0x08000bc1   Thumb Code    26  stm32f10x_rcc.o(.text)
    RCC_APB1PeriphClockCmd                   0x08000bdb   Thumb Code    26  stm32f10x_rcc.o(.text)
    RCC_APB2PeriphResetCmd                   0x08000bf5   Thumb Code    26  stm32f10x_rcc.o(.text)
    RCC_APB1PeriphResetCmd                   0x08000c0f   Thumb Code    26  stm32f10x_rcc.o(.text)
    RCC_BackupResetCmd                       0x08000c29   Thumb Code     8  stm32f10x_rcc.o(.text)
    RCC_ClockSecuritySystemCmd               0x08000c31   Thumb Code     6  stm32f10x_rcc.o(.text)
    RCC_MCOConfig                            0x08000c37   Thumb Code     6  stm32f10x_rcc.o(.text)
    RCC_ClearFlag                            0x08000c3d   Thumb Code    14  stm32f10x_rcc.o(.text)
    RCC_GetITStatus                          0x08000c4b   Thumb Code    20  stm32f10x_rcc.o(.text)
    RCC_ClearITPendingBit                    0x08000c5f   Thumb Code     6  stm32f10x_rcc.o(.text)
    CPU_IntDisMeasStop                       0x08000c89   Thumb Code    62  cpu_core.o(.text)
    CPU_IntDisMeasStart                      0x08000cc7   Thumb Code    38  cpu_core.o(.text)
    CPU_NameClr                              0x08000ced   Thumb Code    50  cpu_core.o(.text)
    CPU_Init                                 0x08000d9d   Thumb Code    16  cpu_core.o(.text)
    CPU_SW_Exception                         0x08000dad   Thumb Code     4  cpu_core.o(.text)
    CPU_NameGet                              0x08000db1   Thumb Code    78  cpu_core.o(.text)
    CPU_NameSet                              0x08000dff   Thumb Code   104  cpu_core.o(.text)
    CPU_TS_Get32                             0x08000e67   Thumb Code    12  cpu_core.o(.text)
    CPU_TS_Update                            0x08000e73   Thumb Code     2  cpu_core.o(.text)
    CPU_TS_TmrFreqGet                        0x08000e75   Thumb Code    30  cpu_core.o(.text)
    CPU_TS_TmrFreqSet                        0x08000e93   Thumb Code     6  cpu_core.o(.text)
    CPU_IntDisMeasMaxCurGet                  0x08000eb1   Thumb Code    40  cpu_core.o(.text)
    CPU_IntDisMeasMaxCurReset                0x08000ed9   Thumb Code    40  cpu_core.o(.text)
    CPU_IntDisMeasMaxGet                     0x08000f01   Thumb Code    40  cpu_core.o(.text)
    CPU_CntLeadZeros08                       0x08000f29   Thumb Code    18  cpu_core.o(.text)
    CPU_CntLeadZeros16                       0x08000f3b   Thumb Code    18  cpu_core.o(.text)
    CPU_CntLeadZeros32                       0x08000f4d   Thumb Code    18  cpu_core.o(.text)
    CPU_CntLeadZeros64                       0x08000f5f   Thumb Code   192  cpu_core.o(.text)
    CPU_CntTrailZeros08                      0x0800101f   Thumb Code    22  cpu_core.o(.text)
    CPU_CntTrailZeros16                      0x08001035   Thumb Code    22  cpu_core.o(.text)
    CPU_CntTrailZeros32                      0x0800104b   Thumb Code    22  cpu_core.o(.text)
    CPU_CntTrailZeros64                      0x08001061   Thumb Code   104  cpu_core.o(.text)
    OSIdleTaskHook                           0x080010c9   Thumb Code    16  os_cpu_c.o(.text)
    OSInitHook                               0x080010d9   Thumb Code    42  os_cpu_c.o(.text)
    OSStatTaskHook                           0x08001103   Thumb Code    16  os_cpu_c.o(.text)
    OSTaskCreateHook                         0x08001113   Thumb Code    20  os_cpu_c.o(.text)
    OSTaskDelHook                            0x08001127   Thumb Code    20  os_cpu_c.o(.text)
    OSTaskReturnHook                         0x0800113b   Thumb Code    20  os_cpu_c.o(.text)
    OSTaskStkInit                            0x0800114f   Thumb Code   188  os_cpu_c.o(.text)
    OSTaskSwHook                             0x0800120b   Thumb Code   146  os_cpu_c.o(.text)
    OSTimeTickHook                           0x0800129d   Thumb Code    16  os_cpu_c.o(.text)
    OS_CPU_SysTickHandler                    0x080012ad   Thumb Code    60  os_cpu_c.o(.text)
    OS_CPU_SysTickInit                       0x080012e9   Thumb Code    44  os_cpu_c.o(.text)
    CPU_IntDis                               0x08001355   Thumb Code     0  cpu_a.o(.text)
    CPU_IntEn                                0x08001359   Thumb Code     0  cpu_a.o(.text)
    CPU_SR_Save                              0x0800135d   Thumb Code     0  cpu_a.o(.text)
    CPU_SR_Restore                           0x08001365   Thumb Code     0  cpu_a.o(.text)
    CPU_WaitForInt                           0x0800136b   Thumb Code     0  cpu_a.o(.text)
    CPU_WaitForExcept                        0x0800136f   Thumb Code     0  cpu_a.o(.text)
    CPU_CntLeadZeros                         0x08001373   Thumb Code     0  cpu_a.o(.text)
    CPU_CntTrailZeros                        0x08001379   Thumb Code     0  cpu_a.o(.text)
    CPU_RevBits                              0x08001383   Thumb Code     0  cpu_a.o(.text)
    OSCfg_Init                               0x08001389   Thumb Code     2  os_cfg_app.o(.text)
    OS_IdleTask                              0x0800138d   Thumb Code    68  os_core.o(.text)
    OS_IdleTaskInit                          0x080013d1   Thumb Code    68  os_core.o(.text)
    OS_RdyListInit                           0x08001415   Thumb Code    32  os_core.o(.text)
    OSInit                                   0x08001435   Thumb Code   300  os_core.o(.text)
    OSIntEnter                               0x08001561   Thumb Code    34  os_core.o(.text)
    OSIntExit                                0x08001583   Thumb Code   192  os_core.o(.text)
    OSSched                                  0x08001643   Thumb Code   134  os_core.o(.text)
    OS_SchedLockTimeMeasStart                0x080016c9   Thumb Code    20  os_core.o(.text)
    OSSchedLock                              0x080016dd   Thumb Code   112  os_core.o(.text)
    OS_SchedLockTimeMeasStop                 0x0800174d   Thumb Code    44  os_core.o(.text)
    OSSchedUnlock                            0x08001779   Thumb Code   302  os_core.o(.text)
    OSSchedRoundRobinCfg                     0x080018a7   Thumb Code    96  os_core.o(.text)
    OS_RdyListMoveHeadToTail                 0x08001907   Thumb Code    68  os_core.o(.text)
    OSSchedRoundRobinYield                   0x0800194b   Thumb Code   176  os_core.o(.text)
    OSStart                                  0x080019fb   Thumb Code    78  os_core.o(.text)
    OSVersion                                0x08001a49   Thumb Code    12  os_core.o(.text)
    OS_PendDbgNameAdd                        0x08001a55   Thumb Code    66  os_core.o(.text)
    OS_PendListInsertPrio                    0x08001a97   Thumb Code   102  os_core.o(.text)
    OS_PendDataInit                          0x08001afd   Thumb Code    38  os_core.o(.text)
    OS_RdyListRemove                         0x08001b23   Thumb Code    86  os_core.o(.text)
    OS_TaskBlock                             0x08001b79   Thumb Code    56  os_core.o(.text)
    OS_Pend                                  0x08001bb1   Thumb Code   168  os_core.o(.text)
    OS_PendListRemove1                       0x08001c59   Thumb Code    66  os_core.o(.text)
    OS_PendListRemove                        0x08001c9b   Thumb Code    48  os_core.o(.text)
    OS_PendAbort1                            0x08001ccb   Thumb Code    36  os_core.o(.text)
    OS_RdyListInsertHead                     0x08001cef   Thumb Code    58  os_core.o(.text)
    OS_RdyListInsertTail                     0x08001d29   Thumb Code    56  os_core.o(.text)
    OS_RdyListInsert                         0x08001d61   Thumb Code    40  os_core.o(.text)
    OS_TaskRdy                               0x08001d89   Thumb Code    28  os_core.o(.text)
    OS_PendAbort                             0x08001da5   Thumb Code   166  os_core.o(.text)
    OS_PendDbgNameRemove                     0x08001e4b   Thumb Code    34  os_core.o(.text)
    OS_PendListChangePrio                    0x08001e6d   Thumb Code    70  os_core.o(.text)
    OS_PendListInit                          0x08001eb3   Thumb Code    10  os_core.o(.text)
    OS_PendListInsertHead                    0x08001ebd   Thumb Code    32  os_core.o(.text)
    OS_PendObjDel1                           0x08001edd   Thumb Code    36  os_core.o(.text)
    OS_PendObjDel                            0x08001f01   Thumb Code   162  os_core.o(.text)
    OS_Post1                                 0x08001fa3   Thumb Code    42  os_core.o(.text)
    OS_Post                                  0x08001fcd   Thumb Code   192  os_core.o(.text)
    OS_Sched0                                0x0800208d   Thumb Code   100  os_core.o(.text)
    OS_SchedRoundRobin                       0x080020f1   Thumb Code   218  os_core.o(.text)
    OS_Dbg_Init                              0x080021dd   Thumb Code   150  os_dbg.o(.text)
    OS_FlagDbgListAdd                        0x08002391   Thumb Code    38  os_flag.o(.text)
    OSFlagCreate                             0x080023b7   Thumb Code   210  os_flag.o(.text)
    OS_FlagClr                               0x08002489   Thumb Code    28  os_flag.o(.text)
    OS_FlagDbgListRemove                     0x080024a5   Thumb Code    44  os_flag.o(.text)
    OSFlagDel                                0x080024d1   Thumb Code   732  os_flag.o(.text)
    OS_FlagBlock                             0x080027ad   Thumb Code    58  os_flag.o(.text)
    OSFlagPend                               0x080027e7   Thumb Code  1670  os_flag.o(.text)
    OSFlagPendAbort                          0x08002e6d   Thumb Code   334  os_flag.o(.text)
    OSFlagPendGetFlagsRdy                    0x08002fbb   Thumb Code    94  os_flag.o(.text)
    OS_FlagTaskRdy                           0x08003019   Thumb Code    86  os_flag.o(.text)
    OS_FlagPost                              0x0800306f   Thumb Code   626  os_flag.o(.text)
    OSFlagPost                               0x080032e1   Thumb Code   146  os_flag.o(.text)
    OS_FlagInit                              0x08003373   Thumb Code    14  os_flag.o(.text)
    OS_IntQPost                              0x0800339d   Thumb Code   224  os_int.o(.text)
    OS_IntQRePost                            0x0800347d   Thumb Code   360  os_int.o(.text)
    OS_IntQTask                              0x080035e5   Thumb Code   182  os_int.o(.text)
    OS_IntQTaskInit                          0x0800369b   Thumb Code   208  os_int.o(.text)
    OS_MemDbgListAdd                         0x080037fd   Thumb Code    34  os_mem.o(.text)
    OSMemCreate                              0x0800381f   Thumb Code   326  os_mem.o(.text)
    OSMemGet                                 0x08003965   Thumb Code   112  os_mem.o(.text)
    OSMemPut                                 0x080039d5   Thumb Code   124  os_mem.o(.text)
    OS_MemInit                               0x08003a51   Thumb Code    14  os_mem.o(.text)
    OS_MsgPoolInit                           0x08003a75   Thumb Code   110  os_msg.o(.text)
    OS_MsgQFreeAll                           0x08003ae3   Thumb Code    62  os_msg.o(.text)
    OS_MsgQInit                              0x08003b21   Thumb Code    14  os_msg.o(.text)
    OS_MsgQGet                               0x08003b2f   Thumb Code    98  os_msg.o(.text)
    OS_MsgQPut                               0x08003b91   Thumb Code   254  os_msg.o(.text)
    OS_MutexDbgListAdd                       0x08003c9d   Thumb Code    38  os_mutex.o(.text)
    OSMutexCreate                            0x08003cc3   Thumb Code   216  os_mutex.o(.text)
    OS_MutexClr                              0x08003d9b   Thumb Code    38  os_mutex.o(.text)
    OS_MutexDbgListRemove                    0x08003dc1   Thumb Code    44  os_mutex.o(.text)
    OSMutexDel                               0x08003ded   Thumb Code   960  os_mutex.o(.text)
    OSMutexPend                              0x080041ad   Thumb Code   812  os_mutex.o(.text)
    OSMutexPendAbort                         0x080044d9   Thumb Code   334  os_mutex.o(.text)
    OSMutexPost                              0x08004627   Thumb Code   646  os_mutex.o(.text)
    OS_MutexInit                             0x080048ad   Thumb Code    14  os_mutex.o(.text)
    OS_PrioInit                              0x080048dd   Thumb Code    20  os_prio.o(.text)
    OS_PrioGetHighest                        0x080048f1   Thumb Code    36  os_prio.o(.text)
    OS_PrioInsert                            0x08004915   Thumb Code    32  os_prio.o(.text)
    OS_PrioRemove                            0x08004935   Thumb Code    32  os_prio.o(.text)
    OS_QDbgListAdd                           0x08004959   Thumb Code    38  os_q.o(.text)
    OSQCreate                                0x0800497f   Thumb Code   224  os_q.o(.text)
    OS_QClr                                  0x08004a5f   Thumb Code    40  os_q.o(.text)
    OS_QDbgListRemove                        0x08004a87   Thumb Code    44  os_q.o(.text)
    OSQDel                                   0x08004ab3   Thumb Code   414  os_q.o(.text)
    OSQFlush                                 0x08004c51   Thumb Code   288  os_q.o(.text)
    OSQPend                                  0x08004d71   Thumb Code   560  os_q.o(.text)
    OSQPendAbort                             0x08004fa1   Thumb Code   334  os_q.o(.text)
    OS_QPost                                 0x080050ef   Thumb Code   402  os_q.o(.text)
    OSQPost                                  0x08005281   Thumb Code   176  os_q.o(.text)
    OS_QInit                                 0x08005331   Thumb Code    14  os_q.o(.text)
    OS_SemDbgListAdd                         0x08005359   Thumb Code    38  os_sem.o(.text)
    OSSemCreate                              0x0800537f   Thumb Code   210  os_sem.o(.text)
    OS_SemClr                                0x08005451   Thumb Code    28  os_sem.o(.text)
    OS_SemDbgListRemove                      0x0800546d   Thumb Code    44  os_sem.o(.text)
    OSSemDel                                 0x08005499   Thumb Code   414  os_sem.o(.text)
    OSSemPend                                0x08005637   Thumb Code   562  os_sem.o(.text)
    OSSemPendAbort                           0x08005869   Thumb Code   334  os_sem.o(.text)
    OS_SemPost                               0x080059b7   Thumb Code   404  os_sem.o(.text)
    OSSemPost                                0x08005b4b   Thumb Code   162  os_sem.o(.text)
    OSSemSet                                 0x08005bed   Thumb Code   128  os_sem.o(.text)
    OS_SemInit                               0x08005c6d   Thumb Code    14  os_sem.o(.text)
    OSStatReset                              0x08005c8d   Thumb Code   316  os_stat.o(.text)
    OSStatTaskCPUUsageInit                   0x08005dc9   Thumb Code   228  os_stat.o(.text)
    OS_StatTask                              0x08005ead   Thumb Code   984  os_stat.o(.text)
    OS_StatTaskInit                          0x08006285   Thumb Code   138  os_stat.o(.text)
    OSTaskChangePrio                         0x08006369   Thumb Code   482  os_task.o(.text)
    OS_TaskDbgListAdd                        0x0800654b   Thumb Code    42  os_task.o(.text)
    OS_TaskInitTCB                           0x08006575   Thumb Code   194  os_task.o(.text)
    OSTaskCreate                             0x08006637   Thumb Code   674  os_task.o(.text)
    OS_TaskDbgListRemove                     0x080068d9   Thumb Code    64  os_task.o(.text)
    OSTaskDel                                0x08006919   Thumb Code   490  os_task.o(.text)
    OSTaskQFlush                             0x08006b03   Thumb Code   302  os_task.o(.text)
    OSTaskQPend                              0x08006c31   Thumb Code   572  os_task.o(.text)
    OSTaskQPendAbort                         0x08006e6d   Thumb Code   288  os_task.o(.text)
    OS_TaskQPost                             0x08006f8d   Thumb Code   624  os_task.o(.text)
    OSTaskQPost                              0x080071fd   Thumb Code   114  os_task.o(.text)
    OSTaskRegGet                             0x0800726f   Thumb Code    86  os_task.o(.text)
    OSTaskRegGetID                           0x080072c5   Thumb Code    96  os_task.o(.text)
    OSTaskRegSet                             0x08007325   Thumb Code    86  os_task.o(.text)
    OS_TaskResume                            0x0800737b   Thumb Code   398  os_task.o(.text)
    OSTaskResume                             0x08007509   Thumb Code   124  os_task.o(.text)
    OSTaskSemPend                            0x08007585   Thumb Code   578  os_task.o(.text)
    OSTaskSemPendAbort                       0x080077c7   Thumb Code   342  os_task.o(.text)
    OS_TaskSemPost                           0x0800791d   Thumb Code  1438  os_task.o(.text)
    OSTaskSemPost                            0x08007ebb   Thumb Code    98  os_task.o(.text)
    OSTaskSemSet                             0x08007f1d   Thumb Code    88  os_task.o(.text)
    OSTaskStkChk                             0x08007f75   Thumb Code   220  os_task.o(.text)
    OS_TaskSuspend                           0x08008051   Thumb Code   414  os_task.o(.text)
    OSTaskSuspend                            0x080081ef   Thumb Code    78  os_task.o(.text)
    OSTaskTimeQuantaSet                      0x0800823d   Thumb Code   104  os_task.o(.text)
    OS_TaskInit                              0x080082a5   Thumb Code    18  os_task.o(.text)
    OS_TaskReturn                            0x080082b7   Thumb Code    20  os_task.o(.text)
    OS_TickListRemove                        0x080082f1   Thumb Code    56  os_tick.o(.text)
    OS_TickListUpdate                        0x08008329   Thumb Code   520  os_tick.o(.text)
    OS_TickTask                              0x08008531   Thumb Code    38  os_tick.o(.text)
    OS_TickListInit                          0x08008557   Thumb Code    32  os_tick.o(.text)
    OS_TickTaskInit                          0x08008577   Thumb Code   130  os_tick.o(.text)
    OS_TickListInsert                        0x080085f9   Thumb Code   502  os_tick.o(.text)
    OS_TickListResetPeak                     0x080087ef   Thumb Code    28  os_tick.o(.text)
    OSTimeDly                                0x08008815   Thumb Code   322  os_time.o(.text)
    OSTimeDlyHMSM                            0x08008957   Thumb Code   538  os_time.o(.text)
    OSTimeDlyResume                          0x08008b71   Thumb Code   570  os_time.o(.text)
    OSTimeGet                                0x08008dab   Thumb Code    54  os_time.o(.text)
    OSTimeSet                                0x08008de1   Thumb Code    54  os_time.o(.text)
    OSTimeTick                               0x08008e17   Thumb Code    54  os_time.o(.text)
    OS_TmrDbgListAdd                         0x08008e61   Thumb Code    34  os_tmr.o(.text)
    OSTmrCreate                              0x08008e83   Thumb Code   286  os_tmr.o(.text)
    OS_TmrClr                                0x08008fa1   Thumb Code    36  os_tmr.o(.text)
    OS_TmrUnlink                             0x08008fc5   Thumb Code    72  os_tmr.o(.text)
    OS_TmrDbgListRemove                      0x0800900d   Thumb Code    44  os_tmr.o(.text)
    OSTmrDel                                 0x08009039   Thumb Code   182  os_tmr.o(.text)
    OSTmrRemainGet                           0x080090ef   Thumb Code   188  os_tmr.o(.text)
    OS_TmrLink                               0x080091ab   Thumb Code   242  os_tmr.o(.text)
    OSTmrStart                               0x0800929d   Thumb Code   170  os_tmr.o(.text)
    OSTmrStateGet                            0x08009347   Thumb Code   142  os_tmr.o(.text)
    OSTmrStop                                0x080093d5   Thumb Code   246  os_tmr.o(.text)
    OS_TmrTask                               0x080094cb   Thumb Code   176  os_tmr.o(.text)
    OS_TmrInit                               0x0800957b   Thumb Code   208  os_tmr.o(.text)
    OS_TmrResetPeak                          0x0800964b   Thumb Code    28  os_tmr.o(.text)
    ASCII_IsAlpha                            0x080096c5   Thumb Code    48  lib_ascii.o(.text)
    ASCII_IsAlphaNum                         0x080096f5   Thumb Code    76  lib_ascii.o(.text)
    ASCII_IsLower                            0x08009741   Thumb Code    20  lib_ascii.o(.text)
    ASCII_IsUpper                            0x08009755   Thumb Code    20  lib_ascii.o(.text)
    ASCII_IsDig                              0x08009769   Thumb Code    20  lib_ascii.o(.text)
    ASCII_IsDigOct                           0x0800977d   Thumb Code    20  lib_ascii.o(.text)
    ASCII_IsDigHex                           0x08009791   Thumb Code    36  lib_ascii.o(.text)
    ASCII_IsBlank                            0x080097b5   Thumb Code    20  lib_ascii.o(.text)
    ASCII_IsSpace                            0x080097c9   Thumb Code    36  lib_ascii.o(.text)
    ASCII_IsPrint                            0x080097ed   Thumb Code    20  lib_ascii.o(.text)
    ASCII_IsGraph                            0x08009801   Thumb Code    20  lib_ascii.o(.text)
    ASCII_IsPunct                            0x08009815   Thumb Code   134  lib_ascii.o(.text)
    ASCII_IsCtrl                             0x0800989b   Thumb Code    26  lib_ascii.o(.text)
    ASCII_ToLower                            0x080098b5   Thumb Code    32  lib_ascii.o(.text)
    ASCII_ToUpper                            0x080098d5   Thumb Code    32  lib_ascii.o(.text)
    ASCII_Cmp                                0x080098f5   Thumb Code    38  lib_ascii.o(.text)
    Mem_Init                                 0x0800991d   Thumb Code    54  lib_mem.o(.text)
    Mem_Set                                  0x08009953   Thumb Code    98  lib_mem.o(.text)
    Mem_Clr                                  0x080099b5   Thumb Code    18  lib_mem.o(.text)
    Mem_Move                                 0x080099c7   Thumb Code   204  lib_mem.o(.text)
    Mem_Cmp                                  0x08009a93   Thumb Code   192  lib_mem.o(.text)
    Mem_HeapAlloc                            0x08009c47   Thumb Code   274  lib_mem.o(.text)
    Mem_SegGetSizeRem                        0x08009d59   Thumb Code   226  lib_mem.o(.text)
    Mem_HeapGetSizeRem                       0x08009e3b   Thumb Code    22  lib_mem.o(.text)
    Mem_PoolClr                              0x08009e51   Thumb Code    78  lib_mem.o(.text)
    Mem_PoolCreate                           0x08009e9f   Thumb Code  1132  lib_mem.o(.text)
    Mem_PoolBlkGetNbrAvail                   0x0800a30b   Thumb Code   140  lib_mem.o(.text)
    Mem_PoolBlkGet                           0x0800a397   Thumb Code   248  lib_mem.o(.text)
    Mem_PoolBlkGetUsedAtIx                   0x0800a48f   Thumb Code   236  lib_mem.o(.text)
    Mem_PoolBlkFree                          0x0800a5e1   Thumb Code   366  lib_mem.o(.text)
    Mem_PoolBlkIxGet                         0x0800a74f   Thumb Code   342  lib_mem.o(.text)
    Str_Len_N                                0x0800a8a9   Thumb Code    28  lib_str.o(.text)
    Str_Len                                  0x0800a8c5   Thumb Code    20  lib_str.o(.text)
    Str_Copy_N                               0x0800a8d9   Thumb Code    70  lib_str.o(.text)
    Str_Copy                                 0x0800a91f   Thumb Code    24  lib_str.o(.text)
    Str_Cat_N                                0x0800a937   Thumb Code    90  lib_str.o(.text)
    Str_Cat                                  0x0800a991   Thumb Code    24  lib_str.o(.text)
    Str_Cmp_N                                0x0800a9a9   Thumb Code   156  lib_str.o(.text)
    Str_Cmp                                  0x0800aa45   Thumb Code    24  lib_str.o(.text)
    Str_CmpIgnoreCase_N                      0x0800aa5d   Thumb Code   264  lib_str.o(.text)
    Str_CmpIgnoreCase                        0x0800ab65   Thumb Code    24  lib_str.o(.text)
    Str_Char_N                               0x0800ab7d   Thumb Code    74  lib_str.o(.text)
    Str_Char                                 0x0800abc7   Thumb Code    24  lib_str.o(.text)
    Str_Char_Last_N                          0x0800abdf   Thumb Code    76  lib_str.o(.text)
    Str_Char_Last                            0x0800ac2b   Thumb Code    24  lib_str.o(.text)
    Str_Char_Replace_N                       0x0800ac43   Thumb Code    52  lib_str.o(.text)
    Str_Char_Replace                         0x0800ac77   Thumb Code    28  lib_str.o(.text)
    Str_Str_N                                0x0800ac93   Thumb Code   182  lib_str.o(.text)
    Str_Str                                  0x0800ad49   Thumb Code    24  lib_str.o(.text)
    Str_FmtNbr_Int32U                        0x0800af3b   Thumb Code    46  lib_str.o(.text)
    Str_FmtNbr_Int32S                        0x0800af69   Thumb Code    62  lib_str.o(.text)
    Str_ParseNbr_Int32U                      0x0800b165   Thumb Code    30  lib_str.o(.text)
    Str_ParseNbr_Int32S                      0x0800b183   Thumb Code    74  lib_str.o(.text)
    Mem_Copy                                 0x0800b1d1   Thumb Code     0  lib_mem_a.o(.text)
    BSP_Init                                 0x0800b3f1   Thumb Code    46  bsp.o(.text)
    BSP_CPU_ClkFreq                          0x0800b41f   Thumb Code    16  bsp.o(.text)
    CPU_TS_TmrInit                           0x0800b42f   Thumb Code    44  bsp.o(.text)
    CPU_TS_TmrRd                             0x0800b45b   Thumb Code     6  bsp.o(.text)
    __use_two_region_memory                  0x0800b471   Thumb Code     2  heapauxi.o(.text)
    __rt_heap_escrow$2region                 0x0800b473   Thumb Code     2  heapauxi.o(.text)
    __rt_heap_expand$2region                 0x0800b475   Thumb Code     2  heapauxi.o(.text)
    __user_setup_stackheap                   0x0800b477   Thumb Code    74  sys_stackheap_outer.o(.text)
    exit                                     0x0800b4c1   Thumb Code    12  exit.o(.text)
    __user_libspace                          0x0800b4cd   Thumb Code     8  libspace.o(.text)
    __user_perproc_libspace                  0x0800b4cd   Thumb Code     0  libspace.o(.text)
    __user_perthread_libspace                0x0800b4cd   Thumb Code     0  libspace.o(.text)
    _sys_exit                                0x0800b4d5   Thumb Code     8  sys_exit.o(.text)
    __I$use$semihosting                      0x0800b4e1   Thumb Code     0  use_no_semi.o(.text)
    __use_no_semihosting_swi                 0x0800b4e1   Thumb Code     2  use_no_semi.o(.text)
    __semihosting_library_function           0x0800b4e3   Thumb Code     0  indicate_semi.o(.text)
    OSStartHighRdy                           0x0800b4e5   Thumb Code     0  os_cpu_a.o(CODE)
    OS_CPU_PendSVHandler                     0x0800b507   Thumb Code     0  os_cpu_a.o(CODE)
    OSCfg_IdleTaskStkBasePtr                 0x0800b668   Data           4  os_cfg_app.o(.constdata)
    OSCfg_IdleTaskStkLimit                   0x0800b66c   Data           4  os_cfg_app.o(.constdata)
    OSCfg_IdleTaskStkSize                    0x0800b670   Data           4  os_cfg_app.o(.constdata)
    OSCfg_IdleTaskStkSizeRAM                 0x0800b674   Data           4  os_cfg_app.o(.constdata)
    OSCfg_IntQBasePtr                        0x0800b678   Data           4  os_cfg_app.o(.constdata)
    OSCfg_IntQSize                           0x0800b67c   Data           2  os_cfg_app.o(.constdata)
    OSCfg_IntQSizeRAM                        0x0800b680   Data           4  os_cfg_app.o(.constdata)
    OSCfg_IntQTaskStkBasePtr                 0x0800b684   Data           4  os_cfg_app.o(.constdata)
    OSCfg_IntQTaskStkLimit                   0x0800b688   Data           4  os_cfg_app.o(.constdata)
    OSCfg_IntQTaskStkSize                    0x0800b68c   Data           4  os_cfg_app.o(.constdata)
    OSCfg_IntQTaskStkSizeRAM                 0x0800b690   Data           4  os_cfg_app.o(.constdata)
    OSCfg_ISRStkBasePtr                      0x0800b694   Data           4  os_cfg_app.o(.constdata)
    OSCfg_ISRStkSize                         0x0800b698   Data           4  os_cfg_app.o(.constdata)
    OSCfg_ISRStkSizeRAM                      0x0800b69c   Data           4  os_cfg_app.o(.constdata)
    OSCfg_MsgPoolSize                        0x0800b6a0   Data           2  os_cfg_app.o(.constdata)
    OSCfg_MsgPoolSizeRAM                     0x0800b6a4   Data           4  os_cfg_app.o(.constdata)
    OSCfg_MsgPoolBasePtr                     0x0800b6a8   Data           4  os_cfg_app.o(.constdata)
    OSCfg_StatTaskPrio                       0x0800b6ac   Data           1  os_cfg_app.o(.constdata)
    OSCfg_StatTaskRate_Hz                    0x0800b6b0   Data           4  os_cfg_app.o(.constdata)
    OSCfg_StatTaskStkBasePtr                 0x0800b6b4   Data           4  os_cfg_app.o(.constdata)
    OSCfg_StatTaskStkLimit                   0x0800b6b8   Data           4  os_cfg_app.o(.constdata)
    OSCfg_StatTaskStkSize                    0x0800b6bc   Data           4  os_cfg_app.o(.constdata)
    OSCfg_StatTaskStkSizeRAM                 0x0800b6c0   Data           4  os_cfg_app.o(.constdata)
    OSCfg_StkSizeMin                         0x0800b6c4   Data           4  os_cfg_app.o(.constdata)
    OSCfg_TickRate_Hz                        0x0800b6c8   Data           4  os_cfg_app.o(.constdata)
    OSCfg_TickTaskPrio                       0x0800b6cc   Data           1  os_cfg_app.o(.constdata)
    OSCfg_TickTaskStkBasePtr                 0x0800b6d0   Data           4  os_cfg_app.o(.constdata)
    OSCfg_TickTaskStkLimit                   0x0800b6d4   Data           4  os_cfg_app.o(.constdata)
    OSCfg_TickTaskStkSize                    0x0800b6d8   Data           4  os_cfg_app.o(.constdata)
    OSCfg_TickTaskStkSizeRAM                 0x0800b6dc   Data           4  os_cfg_app.o(.constdata)
    OSCfg_TickWheelSize                      0x0800b6e0   Data           2  os_cfg_app.o(.constdata)
    OSCfg_TickWheelSizeRAM                   0x0800b6e4   Data           4  os_cfg_app.o(.constdata)
    OSCfg_TmrTaskPrio                        0x0800b6e8   Data           1  os_cfg_app.o(.constdata)
    OSCfg_TmrTaskRate_Hz                     0x0800b6ec   Data           4  os_cfg_app.o(.constdata)
    OSCfg_TmrTaskStkBasePtr                  0x0800b6f0   Data           4  os_cfg_app.o(.constdata)
    OSCfg_TmrTaskStkLimit                    0x0800b6f4   Data           4  os_cfg_app.o(.constdata)
    OSCfg_TmrTaskStkSize                     0x0800b6f8   Data           4  os_cfg_app.o(.constdata)
    OSCfg_TmrTaskStkSizeRAM                  0x0800b6fc   Data           4  os_cfg_app.o(.constdata)
    OSCfg_TmrWheelSize                       0x0800b700   Data           2  os_cfg_app.o(.constdata)
    OSCfg_TmrWheelSizeRAM                    0x0800b704   Data           4  os_cfg_app.o(.constdata)
    OSCfg_DataSizeRAM                        0x0800b708   Data           4  os_cfg_app.o(.constdata)
    OSDbg_DbgEn                              0x0800b70c   Data           1  os_dbg.o(.constdata)
    OSDbg_ArgChkEn                           0x0800b70d   Data           1  os_dbg.o(.constdata)
    OSDbg_AppHooksEn                         0x0800b70e   Data           1  os_dbg.o(.constdata)
    OSDbg_EndiannessTest                     0x0800b710   Data           4  os_dbg.o(.constdata)
    OSDbg_CalledFromISRChkEn                 0x0800b714   Data           1  os_dbg.o(.constdata)
    OSDbg_FlagEn                             0x0800b715   Data           1  os_dbg.o(.constdata)
    OSDbg_FlagGrp                            0x0800b718   Data          40  os_dbg.o(.constdata)
    OSDbg_FlagDelEn                          0x0800b740   Data           1  os_dbg.o(.constdata)
    OSDbg_FlagModeClrEn                      0x0800b741   Data           1  os_dbg.o(.constdata)
    OSDbg_FlagPendAbortEn                    0x0800b742   Data           1  os_dbg.o(.constdata)
    OSDbg_FlagGrpSize                        0x0800b744   Data           2  os_dbg.o(.constdata)
    OSDbg_FlagWidth                          0x0800b746   Data           2  os_dbg.o(.constdata)
    OSDbg_IntQ                               0x0800b748   Data           2  os_dbg.o(.constdata)
    OSDbg_ISRPostDeferredEn                  0x0800b74a   Data           1  os_dbg.o(.constdata)
    OSDbg_Mem                                0x0800b74c   Data          32  os_dbg.o(.constdata)
    OSDbg_MemEn                              0x0800b76c   Data           1  os_dbg.o(.constdata)
    OSDbg_MemSize                            0x0800b76e   Data           2  os_dbg.o(.constdata)
    OSDbg_MsgEn                              0x0800b770   Data           1  os_dbg.o(.constdata)
    OSDbg_MsgSize                            0x0800b772   Data           2  os_dbg.o(.constdata)
    OSDbg_MsgPoolSize                        0x0800b774   Data           2  os_dbg.o(.constdata)
    OSDbg_MsgQSize                           0x0800b776   Data           2  os_dbg.o(.constdata)
    OSDbg_Mutex                              0x0800b778   Data          44  os_dbg.o(.constdata)
    OSDbg_MutexEn                            0x0800b7a4   Data           1  os_dbg.o(.constdata)
    OSDbg_MutexDelEn                         0x0800b7a5   Data           1  os_dbg.o(.constdata)
    OSDbg_MutexPendAbortEn                   0x0800b7a6   Data           1  os_dbg.o(.constdata)
    OSDbg_MutexSize                          0x0800b7a8   Data           2  os_dbg.o(.constdata)
    OSDbg_ObjTypeChkEn                       0x0800b7aa   Data           1  os_dbg.o(.constdata)
    OSDbg_PendMultiEn                        0x0800b7ab   Data           1  os_dbg.o(.constdata)
    OSDbg_PendDataSize                       0x0800b7ac   Data           2  os_dbg.o(.constdata)
    OSDbg_PendListSize                       0x0800b7ae   Data           2  os_dbg.o(.constdata)
    OSDbg_PendObjSize                        0x0800b7b0   Data           2  os_dbg.o(.constdata)
    OSDbg_PrioMax                            0x0800b7b2   Data           2  os_dbg.o(.constdata)
    OSDbg_PrioTblSize                        0x0800b7b4   Data           2  os_dbg.o(.constdata)
    OSDbg_PtrSize                            0x0800b7b6   Data           2  os_dbg.o(.constdata)
    OSDbg_Q                                  0x0800b7b8   Data          48  os_dbg.o(.constdata)
    OSDbg_QEn                                0x0800b7e8   Data           1  os_dbg.o(.constdata)
    OSDbg_QDelEn                             0x0800b7e9   Data           1  os_dbg.o(.constdata)
    OSDbg_QFlushEn                           0x0800b7ea   Data           1  os_dbg.o(.constdata)
    OSDbg_QPendAbortEn                       0x0800b7eb   Data           1  os_dbg.o(.constdata)
    OSDbg_QSize                              0x0800b7ec   Data           2  os_dbg.o(.constdata)
    OSDbg_SchedRoundRobinEn                  0x0800b7ee   Data           1  os_dbg.o(.constdata)
    OSDbg_Sem                                0x0800b7f0   Data          40  os_dbg.o(.constdata)
    OSDbg_SemEn                              0x0800b818   Data           1  os_dbg.o(.constdata)
    OSDbg_SemDelEn                           0x0800b819   Data           1  os_dbg.o(.constdata)
    OSDbg_SemPendAbortEn                     0x0800b81a   Data           1  os_dbg.o(.constdata)
    OSDbg_SemSetEn                           0x0800b81b   Data           1  os_dbg.o(.constdata)
    OSDbg_SemSize                            0x0800b81c   Data           2  os_dbg.o(.constdata)
    OSDbg_RdyList                            0x0800b81e   Data           2  os_dbg.o(.constdata)
    OSDbg_RdyListSize                        0x0800b820   Data           4  os_dbg.o(.constdata)
    OSDbg_StkWidth                           0x0800b824   Data           1  os_dbg.o(.constdata)
    OSDbg_StatTaskEn                         0x0800b825   Data           1  os_dbg.o(.constdata)
    OSDbg_StatTaskStkChkEn                   0x0800b826   Data           1  os_dbg.o(.constdata)
    OSDbg_TaskChangePrioEn                   0x0800b827   Data           1  os_dbg.o(.constdata)
    OSDbg_TaskDelEn                          0x0800b828   Data           1  os_dbg.o(.constdata)
    OSDbg_TaskQEn                            0x0800b829   Data           1  os_dbg.o(.constdata)
    OSDbg_TaskQPendAbortEn                   0x0800b82a   Data           1  os_dbg.o(.constdata)
    OSDbg_TaskProfileEn                      0x0800b82b   Data           1  os_dbg.o(.constdata)
    OSDbg_TaskRegTblSize                     0x0800b82c   Data           2  os_dbg.o(.constdata)
    OSDbg_TaskSemPendAbortEn                 0x0800b82e   Data           1  os_dbg.o(.constdata)
    OSDbg_TaskSuspendEn                      0x0800b82f   Data           1  os_dbg.o(.constdata)
    OSDbg_TCBSize                            0x0800b830   Data           2  os_dbg.o(.constdata)
    OSDbg_TickSpokeSize                      0x0800b832   Data           2  os_dbg.o(.constdata)
    OSDbg_TimeDlyHMSMEn                      0x0800b834   Data           1  os_dbg.o(.constdata)
    OSDbg_TimeDlyResumeEn                    0x0800b835   Data           1  os_dbg.o(.constdata)
    OSDbg_TLS_TblSize                        0x0800b836   Data           2  os_dbg.o(.constdata)
    OSDbg_Tmr                                0x0800b838   Data          52  os_dbg.o(.constdata)
    OSDbg_TmrEn                              0x0800b86c   Data           1  os_dbg.o(.constdata)
    OSDbg_TmrDelEn                           0x0800b86d   Data           1  os_dbg.o(.constdata)
    OSDbg_TmrSize                            0x0800b86e   Data           2  os_dbg.o(.constdata)
    OSDbg_TmrSpokeSize                       0x0800b870   Data           2  os_dbg.o(.constdata)
    OSDbg_VersionNbr                         0x0800b872   Data           2  os_dbg.o(.constdata)
    OSDbg_DataSize                           0x0800b874   Data           4  os_dbg.o(.constdata)
    Region$$Table$$Base                      0x0800b90c   Number         0  anon$$obj.o(Region$$Table)
    Region$$Table$$Limit                     0x0800b92c   Number         0  anon$$obj.o(Region$$Table)
    SystemCoreClock                          0x20000000   Data           4  system_stm32f10x.o(.data)
    AHBPrescTable                            0x20000004   Data          16  system_stm32f10x.o(.data)
    CPU_TS_TmrFreq_Hz                        0x20000028   Data           4  cpu_core.o(.data)
    CPU_IntDisMeasCtr                        0x2000002c   Data           2  cpu_core.o(.data)
    CPU_IntDisNestCtr                        0x2000002e   Data           2  cpu_core.o(.data)
    CPU_IntDisMeasStart_cnts                 0x20000030   Data           4  cpu_core.o(.data)
    CPU_IntDisMeasStop_cnts                  0x20000034   Data           4  cpu_core.o(.data)
    CPU_IntDisMeasOvrhd_cnts                 0x20000038   Data           4  cpu_core.o(.data)
    CPU_IntDisMeasMaxCur_cnts                0x2000003c   Data           4  cpu_core.o(.data)
    CPU_IntDisMeasMax_cnts                   0x20000040   Data           4  cpu_core.o(.data)
    OS_CPU_ExceptStkBase                     0x20000044   Data           4  os_cpu_c.o(.data)
    OSPrioTbl                                0x20000048   Data           4  os_prio.o(.data)
    OS_AppTaskCreateHookPtr                  0x2000004c   Data           4  os_var.o(.data)
    OS_AppTaskDelHookPtr                     0x20000050   Data           4  os_var.o(.data)
    OS_AppTaskReturnHookPtr                  0x20000054   Data           4  os_var.o(.data)
    OS_AppIdleTaskHookPtr                    0x20000058   Data           4  os_var.o(.data)
    OS_AppStatTaskHookPtr                    0x2000005c   Data           4  os_var.o(.data)
    OS_AppTaskSwHookPtr                      0x20000060   Data           4  os_var.o(.data)
    OS_AppTimeTickHookPtr                    0x20000064   Data           4  os_var.o(.data)
    OSIdleTaskCtr                            0x20000068   Data           4  os_var.o(.data)
    OSIntNestingCtr                          0x2000006c   Data           1  os_var.o(.data)
    OSIntDisTimeMax                          0x20000070   Data           4  os_var.o(.data)
    OSRunning                                0x20000074   Data           1  os_var.o(.data)
    OSIntQInPtr                              0x20000078   Data           4  os_var.o(.data)
    OSIntQOutPtr                             0x2000007c   Data           4  os_var.o(.data)
    OSIntQNbrEntries                         0x20000080   Data           2  os_var.o(.data)
    OSIntQNbrEntriesMax                      0x20000082   Data           2  os_var.o(.data)
    OSIntQOvfCtr                             0x20000084   Data           2  os_var.o(.data)
    OSIntQTaskTimeMax                        0x20000088   Data           4  os_var.o(.data)
    OSFlagDbgListPtr                         0x2000008c   Data           4  os_var.o(.data)
    OSFlagQty                                0x20000090   Data           2  os_var.o(.data)
    OSMemDbgListPtr                          0x20000094   Data           4  os_var.o(.data)
    OSMemQty                                 0x20000098   Data           2  os_var.o(.data)
    OSMutexDbgListPtr                        0x2000009c   Data           4  os_var.o(.data)
    OSMutexQty                               0x200000a0   Data           2  os_var.o(.data)
    OSPrioCur                                0x200000a2   Data           1  os_var.o(.data)
    OSPrioHighRdy                            0x200000a3   Data           1  os_var.o(.data)
    OSPrioSaved                              0x200000a4   Data           1  os_var.o(.data)
    OSQDbgListPtr                            0x200000a8   Data           4  os_var.o(.data)
    OSQQty                                   0x200000ac   Data           2  os_var.o(.data)
    OSSchedLockTimeBegin                     0x200000b0   Data           4  os_var.o(.data)
    OSSchedLockTimeMax                       0x200000b4   Data           4  os_var.o(.data)
    OSSchedLockTimeMaxCur                    0x200000b8   Data           4  os_var.o(.data)
    OSSchedLockNestingCtr                    0x200000bc   Data           1  os_var.o(.data)
    OSSchedRoundRobinDfltTimeQuanta          0x200000c0   Data           4  os_var.o(.data)
    OSSchedRoundRobinEn                      0x200000c4   Data           1  os_var.o(.data)
    OSSemDbgListPtr                          0x200000c8   Data           4  os_var.o(.data)
    OSSemQty                                 0x200000cc   Data           2  os_var.o(.data)
    OSStatResetFlag                          0x200000ce   Data           1  os_var.o(.data)
    OSStatTaskCPUUsage                       0x200000d0   Data           2  os_var.o(.data)
    OSStatTaskCPUUsageMax                    0x200000d2   Data           2  os_var.o(.data)
    OSStatTaskCtr                            0x200000d4   Data           4  os_var.o(.data)
    OSStatTaskCtrMax                         0x200000d8   Data           4  os_var.o(.data)
    OSStatTaskCtrRun                         0x200000dc   Data           4  os_var.o(.data)
    OSStatTaskRdy                            0x200000e0   Data           1  os_var.o(.data)
    OSStatTaskTimeMax                        0x200000e4   Data           4  os_var.o(.data)
    OSTaskCtxSwCtr                           0x200000e8   Data           4  os_var.o(.data)
    OSTaskDbgListPtr                         0x200000ec   Data           4  os_var.o(.data)
    OSTaskQty                                0x200000f0   Data           2  os_var.o(.data)
    OSTaskRegNextAvailID                     0x200000f2   Data           1  os_var.o(.data)
    OSTickCtr                                0x200000f4   Data           4  os_var.o(.data)
    OSTickTaskTimeMax                        0x200000f8   Data           4  os_var.o(.data)
    OSTmrDbgListPtr                          0x200000fc   Data           4  os_var.o(.data)
    OSTmrQty                                 0x20000100   Data           2  os_var.o(.data)
    OSTmrTaskTimeMax                         0x20000104   Data           4  os_var.o(.data)
    OSTmrTickCtr                             0x20000108   Data           4  os_var.o(.data)
    OSTmrUpdateCnt                           0x2000010c   Data           4  os_var.o(.data)
    OSTmrUpdateCtr                           0x20000110   Data           4  os_var.o(.data)
    OSTCBCurPtr                              0x20000114   Data           4  os_var.o(.data)
    OSTCBHighRdyPtr                          0x20000118   Data           4  os_var.o(.data)
    Mem_PoolTbl                              0x2000011c   Data           4  lib_mem.o(.data)
    CPU_Name                                 0x20000c40   Data          16  cpu_core.o(.bss)
    OSCfg_IdleTaskStk                        0x20000c50   Data         512  os_cfg_app.o(.bss)
    OSCfg_IntQ                               0x20000e50   Data         320  os_cfg_app.o(.bss)
    OSCfg_IntQTaskStk                        0x20000f90   Data         512  os_cfg_app.o(.bss)
    OSCfg_ISRStk                             0x20001190   Data         512  os_cfg_app.o(.bss)
    OSCfg_MsgPool                            0x20001390   Data        1600  os_cfg_app.o(.bss)
    OSCfg_StatTaskStk                        0x200019d0   Data         512  os_cfg_app.o(.bss)
    OSCfg_TickTaskStk                        0x20001bd0   Data         512  os_cfg_app.o(.bss)
    OSCfg_TickWheel                          0x20001dd0   Data         136  os_cfg_app.o(.bss)
    OSCfg_TmrTaskStk                         0x20001e58   Data         512  os_cfg_app.o(.bss)
    OSCfg_TmrWheel                           0x20002058   Data         136  os_cfg_app.o(.bss)
    OSIdleTaskTCB                            0x200020e0   Data         200  os_var.o(.bss)
    OSIntQTaskTCB                            0x200021a8   Data         200  os_var.o(.bss)
    OSMsgPool                                0x20002270   Data          12  os_var.o(.bss)
    OSRdyList                                0x2000227c   Data         384  os_var.o(.bss)
    OSStatTaskTCB                            0x200023fc   Data         200  os_var.o(.bss)
    OSTickTaskTCB                            0x200024c4   Data         200  os_var.o(.bss)
    OSTmrTaskTCB                             0x2000258c   Data         200  os_var.o(.bss)
    Mem_PoolHeap                             0x20002654   Data          72  lib_mem.o(.bss)
    Mem_Heap                                 0x2000269c   Data       27648  lib_mem.o(.bss)
    __libspace_start                         0x2000929c   Data          96  libspace.o(.bss)
    __temporary_stack_top$libspace           0x200092fc   Data           0  libspace.o(.bss)



==============================================================================

Memory Map of the image

  Image Entry point : 0x08000131

  Load Region LR_IROM1 (Base: 0x08000000, Size: 0x0000ba4c, Max: 0x00080000, ABSOLUTE)

    Execution Region ER_IROM1 (Base: 0x08000000, Size: 0x0000b92c, Max: 0x00080000, ABSOLUTE)

    Base Addr    Size         Type   Attr      Idx    E Section Name        Object

    0x08000000   0x00000130   Data   RO          196    RESET               startup_stm32f10x_hd.o
    0x08000130   0x00000008   Code   RO          659  * !!!main             c_w.l(__main.o)
    0x08000138   0x00000034   Code   RO          815    !!!scatter          c_w.l(__scatter.o)
    0x0800016c   0x0000001a   Code   RO          817    !!handler_copy      c_w.l(__scatter_copy.o)
    0x08000186   0x00000002   PAD
    0x08000188   0x0000001c   Code   RO          819    !!handler_zi        c_w.l(__scatter_zi.o)
    0x080001a4   0x00000002   Code   RO          686    .ARM.Collect$$libinit$$00000000  c_w.l(libinit.o)
    0x080001a6   0x00000000   Code   RO          693    .ARM.Collect$$libinit$$00000002  c_w.l(libinit2.o)
    0x080001a6   0x00000000   Code   RO          695    .ARM.Collect$$libinit$$00000004  c_w.l(libinit2.o)
    0x080001a6   0x00000000   Code   RO          698    .ARM.Collect$$libinit$$0000000A  c_w.l(libinit2.o)
    0x080001a6   0x00000000   Code   RO          700    .ARM.Collect$$libinit$$0000000C  c_w.l(libinit2.o)
    0x080001a6   0x00000000   Code   RO          702    .ARM.Collect$$libinit$$0000000E  c_w.l(libinit2.o)
    0x080001a6   0x00000000   Code   RO          705    .ARM.Collect$$libinit$$00000011  c_w.l(libinit2.o)
    0x080001a6   0x00000000   Code   RO          707    .ARM.Collect$$libinit$$00000013  c_w.l(libinit2.o)
    0x080001a6   0x00000000   Code   RO          709    .ARM.Collect$$libinit$$00000015  c_w.l(libinit2.o)
    0x080001a6   0x00000000   Code   RO          711    .ARM.Collect$$libinit$$00000017  c_w.l(libinit2.o)
    0x080001a6   0x00000000   Code   RO          713    .ARM.Collect$$libinit$$00000019  c_w.l(libinit2.o)
    0x080001a6   0x00000000   Code   RO          715    .ARM.Collect$$libinit$$0000001B  c_w.l(libinit2.o)
    0x080001a6   0x00000000   Code   RO          717    .ARM.Collect$$libinit$$0000001D  c_w.l(libinit2.o)
    0x080001a6   0x00000000   Code   RO          719    .ARM.Collect$$libinit$$0000001F  c_w.l(libinit2.o)
    0x080001a6   0x00000000   Code   RO          721    .ARM.Collect$$libinit$$00000021  c_w.l(libinit2.o)
    0x080001a6   0x00000000   Code   RO          723    .ARM.Collect$$libinit$$00000023  c_w.l(libinit2.o)
    0x080001a6   0x00000000   Code   RO          725    .ARM.Collect$$libinit$$00000025  c_w.l(libinit2.o)
    0x080001a6   0x00000000   Code   RO          729    .ARM.Collect$$libinit$$0000002C  c_w.l(libinit2.o)
    0x080001a6   0x00000000   Code   RO          731    .ARM.Collect$$libinit$$0000002E  c_w.l(libinit2.o)
    0x080001a6   0x00000000   Code   RO          733    .ARM.Collect$$libinit$$00000030  c_w.l(libinit2.o)
    0x080001a6   0x00000000   Code   RO          735    .ARM.Collect$$libinit$$00000032  c_w.l(libinit2.o)
    0x080001a6   0x00000002   Code   RO          736    .ARM.Collect$$libinit$$00000033  c_w.l(libinit2.o)
    0x080001a8   0x00000002   Code   RO          756    .ARM.Collect$$libshutdown$$00000000  c_w.l(libshutdown.o)
    0x080001aa   0x00000000   Code   RO          770    .ARM.Collect$$libshutdown$$00000003  c_w.l(libshutdown2.o)
    0x080001aa   0x00000000   Code   RO          773    .ARM.Collect$$libshutdown$$00000006  c_w.l(libshutdown2.o)
    0x080001aa   0x00000000   Code   RO          776    .ARM.Collect$$libshutdown$$00000009  c_w.l(libshutdown2.o)
    0x080001aa   0x00000000   Code   RO          778    .ARM.Collect$$libshutdown$$0000000B  c_w.l(libshutdown2.o)
    0x080001aa   0x00000000   Code   RO          781    .ARM.Collect$$libshutdown$$0000000E  c_w.l(libshutdown2.o)
    0x080001aa   0x00000002   Code   RO          782    .ARM.Collect$$libshutdown$$0000000F  c_w.l(libshutdown2.o)
    0x080001ac   0x00000000   Code   RO          661    .ARM.Collect$$rtentry$$00000000  c_w.l(__rtentry.o)
    0x080001ac   0x00000000   Code   RO          663    .ARM.Collect$$rtentry$$00000002  c_w.l(__rtentry2.o)
    0x080001ac   0x00000006   Code   RO          675    .ARM.Collect$$rtentry$$00000004  c_w.l(__rtentry4.o)
    0x080001b2   0x00000000   Code   RO          665    .ARM.Collect$$rtentry$$00000009  c_w.l(__rtentry2.o)
    0x080001b2   0x00000004   Code   RO          666    .ARM.Collect$$rtentry$$0000000A  c_w.l(__rtentry2.o)
    0x080001b6   0x00000000   Code   RO          668    .ARM.Collect$$rtentry$$0000000C  c_w.l(__rtentry2.o)
    0x080001b6   0x00000008   Code   RO          669    .ARM.Collect$$rtentry$$0000000D  c_w.l(__rtentry2.o)
    0x080001be   0x00000002   Code   RO          690    .ARM.Collect$$rtexit$$00000000  c_w.l(rtexit.o)
    0x080001c0   0x00000000   Code   RO          738    .ARM.Collect$$rtexit$$00000002  c_w.l(rtexit2.o)
    0x080001c0   0x00000004   Code   RO          739    .ARM.Collect$$rtexit$$00000003  c_w.l(rtexit2.o)
    0x080001c4   0x00000006   Code   RO          740    .ARM.Collect$$rtexit$$00000004  c_w.l(rtexit2.o)
    0x080001ca   0x0000001a   Code   RO            1    .text               stm32f10x_it.o
    0x080001e4   0x000001e0   Code   RO          104    .text               system_stm32f10x.o
    0x080003c4   0x00000184   Code   RO          122    .text               app.o
    0x08000548   0x00000040   Code   RO          197    .text               startup_stm32f10x_hd.o
    0x08000588   0x0000035c   Code   RO          238    .text               stm32f10x_gpio.o
    0x080008e4   0x000003a4   Code   RO          250    .text               stm32f10x_rcc.o
    0x08000c88   0x00000440   Code   RO          264    .text               cpu_core.o
    0x080010c8   0x0000028c   Code   RO          293    .text               os_cpu_c.o
    0x08001354   0x00000034   Code   RO          323    .text               cpu_a.o
    0x08001388   0x00000002   Code   RO          326    .text               os_cfg_app.o
    0x0800138a   0x00000002   PAD
    0x0800138c   0x00000e50   Code   RO          349    .text               os_core.o
    0x080021dc   0x000001b4   Code   RO          361    .text               os_dbg.o
    0x08002390   0x0000100c   Code   RO          376    .text               os_flag.o
    0x0800339c   0x00000460   Code   RO          388    .text               os_int.o
    0x080037fc   0x00000278   Code   RO          400    .text               os_mem.o
    0x08003a74   0x00000228   Code   RO          412    .text               os_msg.o
    0x08003c9c   0x00000c40   Code   RO          424    .text               os_mutex.o
    0x080048dc   0x0000007c   Code   RO          448    .text               os_prio.o
    0x08004958   0x00000a00   Code   RO          467    .text               os_q.o
    0x08005358   0x00000934   Code   RO          479    .text               os_sem.o
    0x08005c8c   0x000006dc   Code   RO          491    .text               os_stat.o
    0x08006368   0x00001f88   Code   RO          503    .text               os_task.o
    0x080082f0   0x00000524   Code   RO          515    .text               os_tick.o
    0x08008814   0x0000064c   Code   RO          527    .text               os_time.o
    0x08008e60   0x00000864   Code   RO          539    .text               os_tmr.o
    0x080096c4   0x00000256   Code   RO          565    .text               lib_ascii.o
    0x0800991a   0x00000002   PAD
    0x0800991c   0x00000f8c   Code   RO          598    .text               lib_mem.o
    0x0800a8a8   0x00000928   Code   RO          617    .text               lib_str.o
    0x0800b1d0   0x00000220   Code   RO          634    .text               lib_mem_a.o
    0x0800b3f0   0x00000080   Code   RO          637    .text               bsp.o
    0x0800b470   0x00000006   Code   RO          657    .text               c_w.l(heapauxi.o)
    0x0800b476   0x0000004a   Code   RO          677    .text               c_w.l(sys_stackheap_outer.o)
    0x0800b4c0   0x0000000c   Code   RO          679    .text               c_w.l(exit.o)
    0x0800b4cc   0x00000008   Code   RO          687    .text               c_w.l(libspace.o)
    0x0800b4d4   0x0000000c   Code   RO          748    .text               c_w.l(sys_exit.o)
    0x0800b4e0   0x00000002   Code   RO          759    .text               c_w.l(use_no_semi.o)
    0x0800b4e2   0x00000000   Code   RO          761    .text               c_w.l(indicate_semi.o)
    0x0800b4e2   0x00000002   PAD
    0x0800b4e4   0x00000084   Code   RO          290    CODE                os_cpu_a.o
    0x0800b568   0x00000100   Data   RO          266    .constdata          cpu_core.o
    0x0800b668   0x000000a4   Data   RO          328    .constdata          os_cfg_app.o
    0x0800b70c   0x0000016c   Data   RO          362    .constdata          os_dbg.o
    0x0800b878   0x00000094   Data   RO          618    .constdata          lib_str.o
    0x0800b90c   0x00000020   Data   RO          813    Region$$Table       anon$$obj.o


    Execution Region RW_IRAM1 (Base: 0x20000000, Size: 0x00009900, Max: 0x00010000, ABSOLUTE)

    Base Addr    Size         Type   Attr      Idx    E Section Name        Object

    0x20000000   0x00000014   Data   RW          105    .data               system_stm32f10x.o
    0x20000014   0x00000014   Data   RW          251    .data               stm32f10x_rcc.o
    0x20000028   0x0000001c   Data   RW          267    .data               cpu_core.o
    0x20000044   0x00000004   Data   RW          294    .data               os_cpu_c.o
    0x20000048   0x00000004   Data   RW          449    .data               os_prio.o
    0x2000004c   0x000000d0   Data   RW          552    .data               os_var.o
    0x2000011c   0x00000004   Data   RW          600    .data               lib_mem.o
    0x20000120   0x00000b20   Zero   RW          123    .bss                app.o
    0x20000c40   0x00000010   Zero   RW          265    .bss                cpu_core.o
    0x20000c50   0x00001490   Zero   RW          327    .bss                os_cfg_app.o
    0x200020e0   0x00000574   Zero   RW          551    .bss                os_var.o
    0x20002654   0x00006c48   Zero   RW          599    .bss                lib_mem.o
    0x2000929c   0x00000060   Zero   RW          688    .bss                c_w.l(libspace.o)
    0x200092fc   0x00000004   PAD
    0x20009300   0x00000200   Zero   RW          195    HEAP                startup_stm32f10x_hd.o
    0x20009500   0x00000400   Zero   RW          194    STACK               startup_stm32f10x_hd.o


==============================================================================

Image component sizes


      Code (inc. data)   RO Data    RW Data    ZI Data      Debug   Object Name

       388         90          0          0       2848      42310   app.o
       128         16          0          0          0       1003   bsp.o
        52          0          0          0          0        316   cpu_a.o
      1088         42        256         28         16      16125   cpu_core.o
       598          0          0          0          0       3672   lib_ascii.o
      3980         62          0          4      27720      24556   lib_mem.o
       544          0          0          0          0        460   lib_mem_a.o
      2344          4        148          0          0      13002   lib_str.o
         2          0        164          0       5264      20758   os_cfg_app.o
      3664        294          0          0          0      12053   os_core.o
       132         32          0          0          0        360   os_cpu_a.o
       652         64          0          4          0       3689   os_cpu_c.o
       436        286        364          0          0       4673   os_dbg.o
      4108        110          0          0          0       8067   os_flag.o
      1120        146          0          0          0       2212   os_int.o
       632         22          0          0          0       2640   os_mem.o
       552         14          0          0          0       2534   os_msg.o
      3136        114          0          0          0       5634   os_mutex.o
       124          4          0          4          0       1640   os_prio.o
      2560         82          0          0          0       6240   os_q.o
      2356         72          0          0          0       6232   os_sem.o
      1756        190          0          0          0       2833   os_stat.o
      8072        282          0          0          0      14274   os_task.o
      1316         90          0          0          0       3189   os_tick.o
      1612         44          0          0          0       3289   os_time.o
      2148        140          0          0          0       6446   os_tmr.o
         0          0          0        208       1396      19393   os_var.o
        64         26        304          0       1536        836   startup_stm32f10x_hd.o
       860         38          0          0          0       5577   stm32f10x_gpio.o
        26          0          0          0          0     225810   stm32f10x_it.o
       932         36          0         20          0       8724   stm32f10x_rcc.o
       480         38          0         20          0       1731   system_stm32f10x.o

    ----------------------------------------------------------------------
     45866       2338       1268        288      38780     470278   Object Totals
         0          0         32          0          0          0   (incl. Generated)
         4          0          0          0          0          0   (incl. Padding)

    ----------------------------------------------------------------------

      Code (inc. data)   RO Data    RW Data    ZI Data      Debug   Library Member Name

         8          0          0          0          0         68   __main.o
         0          0          0          0          0          0   __rtentry.o
        12          0          0          0          0          0   __rtentry2.o
         6          0          0          0          0          0   __rtentry4.o
        52          8          0          0          0          0   __scatter.o
        26          0          0          0          0          0   __scatter_copy.o
        28          0          0          0          0          0   __scatter_zi.o
        12          0          0          0          0         72   exit.o
         6          0          0          0          0        152   heapauxi.o
         0          0          0          0          0          0   indicate_semi.o
         2          0          0          0          0          0   libinit.o
         2          0          0          0          0          0   libinit2.o
         2          0          0          0          0          0   libshutdown.o
         2          0          0          0          0          0   libshutdown2.o
         8          4          0          0         96         68   libspace.o
         2          0          0          0          0          0   rtexit.o
        10          0          0          0          0          0   rtexit2.o
        12          4          0          0          0         68   sys_exit.o
        74          0          0          0          0         80   sys_stackheap_outer.o
         2          0          0          0          0         68   use_no_semi.o

    ----------------------------------------------------------------------
       270         16          0          0        100        576   Library Totals
         4          0          0          0          4          0   (incl. Padding)

    ----------------------------------------------------------------------

      Code (inc. data)   RO Data    RW Data    ZI Data      Debug   Library Name

       266         16          0          0         96        576   c_w.l

    ----------------------------------------------------------------------
       270         16          0          0        100        576   Library Totals

    ----------------------------------------------------------------------

==============================================================================


      Code (inc. data)   RO Data    RW Data    ZI Data      Debug   

     46136       2354       1268        288      38880     468042   Grand Totals
     46136       2354       1268        288      38880     468042   ELF Image Totals
     46136       2354       1268        288          0          0   ROM Totals

==============================================================================

    Total RO  Size (Code + RO Data)                47404 (  46.29kB)
    Total RW  Size (RW Data + ZI Data)             39168 (  38.25kB)
    Total ROM Size (Code + RO Data + RW Data)      47692 (  46.57kB)

==============================================================================

