<html>
<body>
<pre>
<h1>µVision Build Log</h1>
<h2>Tool Versions:</h2>
IDE-Version: ¦ÌVision V5.14.1
Copyright (C) 2015 ARM Ltd and ARM Germany GmbH. All rights reserved.
License Information: Cortex-M3, Sky123.Org, LIC=VGX56-DUYXD-W2HLL-0NARD-F78GB-C9RED
 
Tool Versions:
Toolchain:       MDK-ARM Standard  Version: 5.12.0.0
Toolchain Path:  C:\Keil_v5\ARM\ARMCC\Bin
C Compiler:      Armcc.exe V5.05 (build 41)
Assembler:       Armasm.exe V5.05 (build 41)
Linker/Locator:  ArmLink.exe V5.05 (build 41)
Library Manager: ArmAr.exe V5.05 (build 41)
Hex Converter:   FromElf.exe V5.05 (build 41)
CPU DLL:         SARMCM3.DLL V5.12.0.0
Dialog DLL:      DCM.DLL V1.13.0.0
Target DLL:      Segger\JL2CM3.dll V2.99.2.0
Dialog DLL:      TCM.DLL V1.14.2.0
 
<h2>Project:</h2>
F:\³ÌÐò\uCOSIII\STM32F103ZET6\STM32F103ZE\Project\¦ÌCOSIII.uvprojx
Project File Date:  06/13/2018

<h2>Output:</h2>
*** Using Compiler 'V5.05 (build 41)', folder: 'C:\Keil_v5\ARM\ARMCC\Bin'
Rebuild target 'Target 1'
compiling stm32f10x_it.c...
compiling system_stm32f10x.c...
compiling app.c...
..\User\app.c(150): warning:  #1-D: last line of file ends without a newline
  }
..\User\app.c(10): warning:  #177-D: variable "AppTask3TCB" was declared but never referenced
  static OS_TCB   AppTask3TCB;
..\User\app.c(14): warning:  #177-D: variable "AppTask3Stk" was declared but never referenced
  static CPU_STK  AppTask3Stk[128];
..\User\app.c(19): warning:  #177-D: function "AppTask3_ui" was declared but never referenced
  static void AppTask3_ui(void *p_arg);
..\User\app.c(140): warning:  #177-D: function "AppTask3" was declared but never referenced
  static void AppTask3(void *p_arg)
..\User\app.c: 5 warnings, 0 errors
assembling startup_stm32f10x_hd.s...
compiling delay.c...
compiling core_cm3.c...
compiling misc.c...
compiling stm32f10x_gpio.c...
compiling stm32f10x_rcc.c...
compiling cpu_core.c...
assembling os_cpu_a.s...
compiling os_cpu_c.c...
compiling cpu_c.c...
assembling cpu_a.asm...
compiling os_cfg_app.c...
compiling os_core.c...
compiling os_dbg.c...
compiling os_flag.c...
compiling os_int.c...
compiling os_mem.c...
compiling os_msg.c...
compiling os_mutex.c...
compiling os_pend_multi.c...
compiling os_prio.c...
compiling os_q.c...
compiling os_sem.c...
compiling os_stat.c...
compiling os_task.c...
compiling os_tick.c...
compiling os_time.c...
compiling os_tmr.c...
compiling os_var.c...
compiling lib_ascii.c...
compiling lib_math.c...
compiling lib_mem.c...
compiling lib_str.c...
assembling lib_mem_a.asm...
compiling bsp.c...
linking...
Program Size: Code=46136 RO-data=1268 RW-data=288 ZI-data=38880  
FromELF: creating hex file...
".\Objects\¦ÌCOSIII.axf" - 0 Error(s), 5 Warning(s).

<h2>Collection of Component include folders:</h2>
  F:\³ÌÐò\uCOSIII\STM32F103ZET6\STM32F103ZE\Project\RTE
  C:\Keil_v5\ARM\PACK\Keil\STM32F1xx_DFP\1.1.0\Device\Include

<h2>Collection of Component Files used:</h2>
</pre>
</body>
</html>
